Archive member included because of file (symbol)

c:/yagarto-20121222/bin/../lib/gcc/arm-none-eabi/4.7.2/thumb/v7m\libgcc.a(_arm_addsubdf3.o)
                              bin/obj/vexprintf.o (__aeabi_dsub)
c:/yagarto-20121222/bin/../lib/gcc/arm-none-eabi/4.7.2/thumb/v7m\libgcc.a(_arm_muldivdf3.o)
                              bin/obj/vexprintf.o (__aeabi_dmul)
c:/yagarto-20121222/bin/../lib/gcc/arm-none-eabi/4.7.2/thumb/v7m\libgcc.a(_arm_cmpdf2.o)
                              bin/obj/vexprintf.o (__aeabi_dcmplt)
c:/yagarto-20121222/bin/../lib/gcc/arm-none-eabi/4.7.2/thumb/v7m\libgcc.a(_arm_fixdfsi.o)
                              bin/obj/smartmotor.o (__aeabi_d2iz)
c:/yagarto-20121222/bin/../lib/gcc/arm-none-eabi/4.7.2/thumb/v7m\libgcc.a(_arm_fixunsdfsi.o)
                              bin/obj/vexprintf.o (__aeabi_d2uiz)
c:/yagarto-20121222/bin/../lib/gcc/arm-none-eabi/4.7.2/thumb/v7m\libgcc.a(_arm_truncdfsf2.o)
                              bin/obj/smartmotor.o (__aeabi_d2f)
c:/yagarto-20121222/bin/../lib/gcc/arm-none-eabi/4.7.2/thumb/v7m\libgcc.a(_arm_addsubsf3.o)
                              bin/obj/smartmotor.o (__aeabi_fsub)
c:/yagarto-20121222/bin/../lib/gcc/arm-none-eabi/4.7.2/thumb/v7m\libgcc.a(_arm_muldivsf3.o)
                              bin/obj/vexaudio.o (__aeabi_fmul)
c:/yagarto-20121222/bin/../lib/gcc/arm-none-eabi/4.7.2/thumb/v7m\libgcc.a(_arm_cmpsf2.o)
                              bin/obj/smartmotor.o (__aeabi_fcmpeq)
c:/yagarto-20121222/bin/../lib/gcc/arm-none-eabi/4.7.2/thumb/v7m\libgcc.a(_arm_fixsfsi.o)
                              bin/obj/smartmotor.o (__aeabi_f2iz)
c:/yagarto-20121222/bin/../lib/gcc/arm-none-eabi/4.7.2/thumb/v7m\libgcc.a(_arm_fixunssfsi.o)
                              bin/obj/vexaudio.o (__aeabi_f2uiz)
c:/yagarto-20121222/bin/../lib/gcc/arm-none-eabi/4.7.2/../../../../arm-none-eabi/lib/thumb/v7m\libc.a(lib_a-atoi.o)
                              bin/obj/vexmotor.o (atoi)
c:/yagarto-20121222/bin/../lib/gcc/arm-none-eabi/4.7.2/../../../../arm-none-eabi/lib/thumb/v7m\libc.a(lib_a-memset.o)
                              bin/obj/syscalls.o (memset)
c:/yagarto-20121222/bin/../lib/gcc/arm-none-eabi/4.7.2/../../../../arm-none-eabi/lib/thumb/v7m\libc.a(lib_a-strcasecmp.o)
                              bin/obj/vexshell.o (strcasecmp)
c:/yagarto-20121222/bin/../lib/gcc/arm-none-eabi/4.7.2/../../../../arm-none-eabi/lib/thumb/v7m\libc.a(lib_a-strchr.o)
                              bin/obj/vexshell.o (strchr)
c:/yagarto-20121222/bin/../lib/gcc/arm-none-eabi/4.7.2/../../../../arm-none-eabi/lib/thumb/v7m\libc.a(lib_a-strncpy.o)
                              bin/obj/vexlcd.o (strncpy)
c:/yagarto-20121222/bin/../lib/gcc/arm-none-eabi/4.7.2/../../../../arm-none-eabi/lib/thumb/v7m\libc.a(lib_a-strspn.o)
                              bin/obj/vexshell.o (strspn)
c:/yagarto-20121222/bin/../lib/gcc/arm-none-eabi/4.7.2/../../../../arm-none-eabi/lib/thumb/v7m\libc.a(lib_a-strtol.o)
                              c:/yagarto-20121222/bin/../lib/gcc/arm-none-eabi/4.7.2/../../../../arm-none-eabi/lib/thumb/v7m\libc.a(lib_a-atoi.o) (_strtol_r)
c:/yagarto-20121222/bin/../lib/gcc/arm-none-eabi/4.7.2/../../../../arm-none-eabi/lib/thumb/v7m\libc.a(lib_a-ctype_.o)
                              c:/yagarto-20121222/bin/../lib/gcc/arm-none-eabi/4.7.2/../../../../arm-none-eabi/lib/thumb/v7m\libc.a(lib_a-strcasecmp.o) (__ctype_ptr__)
c:/yagarto-20121222/bin/../lib/gcc/arm-none-eabi/4.7.2/../../../../arm-none-eabi/lib/thumb/v7m\libc.a(lib_a-impure.o)
                              c:/yagarto-20121222/bin/../lib/gcc/arm-none-eabi/4.7.2/../../../../arm-none-eabi/lib/thumb/v7m\libc.a(lib_a-strtol.o) (_impure_ptr)
c:/yagarto-20121222/bin/../lib/gcc/arm-none-eabi/4.7.2/thumb/v7m\libgcc.a(_udivsi3.o)
                              c:/yagarto-20121222/bin/../lib/gcc/arm-none-eabi/4.7.2/../../../../arm-none-eabi/lib/thumb/v7m\libc.a(lib_a-strtol.o) (__aeabi_uidiv)
c:/yagarto-20121222/bin/../lib/gcc/arm-none-eabi/4.7.2/thumb/v7m\libgcc.a(_dvmd_tls.o)
                              c:/yagarto-20121222/bin/../lib/gcc/arm-none-eabi/4.7.2/thumb/v7m\libgcc.a(_udivsi3.o) (__aeabi_idiv0)

Discarded input sections

 .text          0x00000000        0x0 bin/obj/crt0.o
 .data          0x00000000        0x0 bin/obj/crt0.o
 .bss           0x00000000        0x0 bin/obj/crt0.o
 .text.__early_init
                0x00000000       0x10 bin/obj/crt0.o
 .text          0x00000000        0x0 bin/obj/vectors.o
 .data          0x00000000        0x0 bin/obj/vectors.o
 .bss           0x00000000        0x0 bin/obj/vectors.o
 .text          0x00000000        0x0 bin/obj/chcore.o
 .data          0x00000000        0x0 bin/obj/chcore.o
 .bss           0x00000000        0x0 bin/obj/chcore.o
 .text          0x00000000        0x0 bin/obj/chcore_v7m.o
 .data          0x00000000        0x0 bin/obj/chcore_v7m.o
 .bss           0x00000000        0x0 bin/obj/chcore_v7m.o
[...]
Memory Configuration

Name             Origin             Length             Attributes
flash            0x08000000         0x00060000
ram              0x20000000         0x00010000
*default*        0x00000000         0xffffffff

Linker script and memory map

LOAD bin/obj/crt0.o
LOAD bin/obj/vectors.o
LOAD bin/obj/chcore.o
LOAD bin/obj/chcore_v7m.o
LOAD bin/obj/nvic.o
LOAD bin/obj/chsys.o
LOAD bin/obj/chdebug.o
LOAD bin/obj/chlists.o
LOAD bin/obj/chvt.o
LOAD bin/obj/chschd.o
LOAD bin/obj/chthreads.o
LOAD bin/obj/chdynamic.o
LOAD bin/obj/chregistry.o
LOAD bin/obj/chsem.o
LOAD bin/obj/chmtx.o
LOAD bin/obj/chcond.o
LOAD bin/obj/chevents.o
LOAD bin/obj/chmsg.o
LOAD bin/obj/chmboxes.o
LOAD bin/obj/chqueues.o
LOAD bin/obj/chmemcore.o
LOAD bin/obj/chheap.o
LOAD bin/obj/chmempools.o
LOAD bin/obj/hal.o
LOAD bin/obj/adc.o
LOAD bin/obj/can.o
LOAD bin/obj/ext.o
LOAD bin/obj/gpt.o
LOAD bin/obj/i2c.o
LOAD bin/obj/icu.o
LOAD bin/obj/mac.o
LOAD bin/obj/mmc_spi.o
LOAD bin/obj/mmcsd.o
LOAD bin/obj/pal.o
LOAD bin/obj/pwm.o
LOAD bin/obj/rtc.o
LOAD bin/obj/sdc.o
LOAD bin/obj/serial.o
LOAD bin/obj/serial_usb.o
LOAD bin/obj/spi.o
LOAD bin/obj/tm.o
LOAD bin/obj/uart.o
LOAD bin/obj/usb.o
LOAD bin/obj/stm32_dma.o
LOAD bin/obj/hal_lld.o
LOAD bin/obj/adc_lld.o
LOAD bin/obj/ext_lld_isr.o
LOAD bin/obj/can_lld.o
LOAD bin/obj/ext_lld.o
LOAD bin/obj/gpt_lld.o
LOAD bin/obj/icu_lld.o
LOAD bin/obj/mac_lld.o
LOAD bin/obj/pwm_lld.o
LOAD bin/obj/sdc_lld.o
LOAD bin/obj/pal_lld.o
LOAD bin/obj/i2c_lld.o
LOAD bin/obj/rtc_lld.o
LOAD bin/obj/spi_lld.o
LOAD bin/obj/serial_lld.o
LOAD bin/obj/uart_lld.o
LOAD bin/obj/usb_lld.o
LOAD bin/obj/board.o
LOAD bin/obj/evtimer.o
LOAD bin/obj/syscalls.o
LOAD bin/obj/chprintf.o
LOAD bin/obj/vexshell.o
LOAD bin/obj/vexcortex.o
LOAD bin/obj/vexdigital.o
LOAD bin/obj/vexconfig.o
LOAD bin/obj/vexext.o
LOAD bin/obj/vexencoder.o
LOAD bin/obj/vexsonar.o
LOAD bin/obj/vexmotor.o
LOAD bin/obj/vexspi.o
LOAD bin/obj/vexlcd.o
LOAD bin/obj/vexanalog.o
LOAD bin/obj/vexctl.o
LOAD bin/obj/vexime.o
LOAD bin/obj/vexprintf.o
LOAD bin/obj/vexaudio.o
LOAD bin/obj/vexrttl.o
LOAD bin/obj/vexsensor.o
LOAD bin/obj/vexbkup.o
LOAD bin/obj/vextest.o
LOAD bin/obj/robotc_glue.o
LOAD bin/obj/smartmotor.o
LOAD bin/obj/apollo.o
LOAD bin/obj/pidlib.o
LOAD bin/obj/vexgyro.o
LOAD bin/obj/vexflash.o
LOAD bin/obj/stm32_flash.o
LOAD bin/obj/vexuser.o
LOAD bin/obj/main.o
LOAD c:/yagarto-20121222/bin/../lib/gcc/arm-none-eabi/4.7.2/../../../../arm-none-eabi/lib/thumb/v7m\libm.a
START GROUP
LOAD c:/yagarto-20121222/bin/../lib/gcc/arm-none-eabi/4.7.2/thumb/v7m\libgcc.a
LOAD c:/yagarto-20121222/bin/../lib/gcc/arm-none-eabi/4.7.2/../../../../arm-none-eabi/lib/thumb/v7m\libc.a
END GROUP
                0x00000400                __main_stack_size__ = 0x400
                0x00000400                __process_stack_size__ = 0x400
                0x20000000                __ram_start__ = ORIGIN (ram)
                0x00010000                __ram_size__ = 0x10000
                0x20010000                __ram_end__ = (__ram_start__ + __ram_size__)
                0x00000000                . = 0x0
                0x00000000                _text = .

startup         0x08000000      0x130
 *(vectors)
 vectors        0x08000000      0x130 bin/obj/vectors.o
                0x08000000                _vectors

constructors    0x08000130        0x0
                0x08000130                PROVIDE (__init_array_start, .)
 *(SORT(.init_array.*))
 *(.init_array)
                0x08000130                PROVIDE (__init_array_end, .)

destructors     0x08000130        0x0
                0x08000130                PROVIDE (__fini_array_start, .)
 *(.fini_array)
 *(SORT(.fini_array.*))
                0x08000130                PROVIDE (__fini_array_end, .)

.text           0x08000130     0x8c04
 *(.text.startup.*)
 .text.startup.main
                0x08000130       0xe0 bin/obj/main.o
                0x08000130                main
 *(.text)
 .text          0x08000210      0x370 c:/yagarto-20121222/bin/../lib/gcc/arm-none-eabi/4.7.2/thumb/v7m\libgcc.a(_arm_addsubdf3.o)
                0x08000210                __aeabi_drsub
                0x08000218                __aeabi_dsub
                0x08000218                __subdf3
                0x0800021c                __aeabi_dadd
                0x0800021c                __adddf3
                0x08000494                __floatunsidf
                0x08000494                __aeabi_ui2d
                0x080004b4                __floatsidf
                0x080004b4                __aeabi_i2d
                0x080004d8                __aeabi_f2d
                0x080004d8                __extendsfdf2
                0x08000514                __floatundidf
                0x08000514                __aeabi_ul2d
                0x08000524                __floatdidf
                0x08000524                __aeabi_l2d
 .text          0x08000580      0x424 c:/yagarto-20121222/bin/../lib/gcc/arm-none-eabi/4.7.2/thumb/v7m\libgcc.a(_arm_muldivdf3.o)
                0x08000580                __aeabi_dmul
                0x08000580                __muldf3
                0x080007d4                __divdf3
                0x080007d4                __aeabi_ddiv
 *fill*         0x080009a4        0xc 
 .text          0x080009b0      0x110 c:/yagarto-20121222/bin/../lib/gcc/arm-none-eabi/4.7.2/thumb/v7m\libgcc.a(_arm_cmpdf2.o)
                0x080009b0                __gtdf2
                0x080009b0                __gedf2
                0x080009b8                __ltdf2
                0x080009b8                __ledf2
                0x080009c0                __nedf2
                0x080009c0                __eqdf2
                0x080009c0                __cmpdf2
                0x08000a3c                __aeabi_cdrcmple
                0x08000a4c                __aeabi_cdcmpeq
                0x08000a4c                __aeabi_cdcmple
                0x08000a5c                __aeabi_dcmpeq
                0x08000a70                __aeabi_dcmplt
                0x08000a84                __aeabi_dcmple
                0x08000a98                __aeabi_dcmpge
                0x08000aac                __aeabi_dcmpgt
 .text          0x08000ac0       0x40 c:/yagarto-20121222/bin/../lib/gcc/arm-none-eabi/4.7.2/thumb/v7m\libgcc.a(_arm_fixunsdfsi.o)
                0x08000ac0                __aeabi_d2uiz
                0x08000ac0                __fixunsdfsi
 .text          0x08000b00       0x10 c:/yagarto-20121222/bin/../lib/gcc/arm-none-eabi/4.7.2/../../../../arm-none-eabi/lib/thumb/v7m\libc.a(lib_a-atoi.o)
                0x08000b00                atoi
                0x08000b08                _atoi_r
 .text          0x08000b10       0x98 c:/yagarto-20121222/bin/../lib/gcc/arm-none-eabi/4.7.2/../../../../arm-none-eabi/lib/thumb/v7m\libc.a(lib_a-memset.o)
                0x08000b10                memset
 *fill*         0x08000ba8        0x8 
 .text          0x08000bb0       0x44 c:/yagarto-20121222/bin/../lib/gcc/arm-none-eabi/4.7.2/../../../../arm-none-eabi/lib/thumb/v7m\libc.a(lib_a-strcasecmp.o)
                0x08000bb0                strcasecmp
 *fill*         0x08000bf4        0xc 
 .text          0x08000c00      0x100 c:/yagarto-20121222/bin/../lib/gcc/arm-none-eabi/4.7.2/../../../../arm-none-eabi/lib/thumb/v7m\libc.a(lib_a-strchr.o)
                0x08000c00                strchr
 .text          0x08000d00       0x64 c:/yagarto-20121222/bin/../lib/gcc/arm-none-eabi/4.7.2/../../../../arm-none-eabi/lib/thumb/v7m\libc.a(lib_a-strncpy.o)
                0x08000d00                strncpy
 *fill*         0x08000d64        0xc 
 .text          0x08000d70       0x40 c:/yagarto-20121222/bin/../lib/gcc/arm-none-eabi/4.7.2/../../../../arm-none-eabi/lib/thumb/v7m\libc.a(lib_a-strspn.o)
                0x08000d70                strspn
 .text          0x08000db0      0x15c c:/yagarto-20121222/bin/../lib/gcc/arm-none-eabi/4.7.2/../../../../arm-none-eabi/lib/thumb/v7m\libc.a(lib_a-strtol.o)
                0x08000db0                _strtol_r
                0x08000ef0                strtol
 *fill*         0x08000f0c        0x4 
 .text          0x08000f10      0x278 c:/yagarto-20121222/bin/../lib/gcc/arm-none-eabi/4.7.2/thumb/v7m\libgcc.a(_udivsi3.o)
                0x08000f10                __aeabi_uidiv
                0x08000f10                __udivsi3
                0x0800116c                __aeabi_uidivmod
 *fill*         0x08001188        0x8 
 .text          0x08001190        0x4 c:/yagarto-20121222/bin/../lib/gcc/arm-none-eabi/4.7.2/thumb/v7m\libgcc.a(_dvmd_tls.o)
                0x08001190                __aeabi_idiv0
                0x08001190                __aeabi_ldiv0
 *(.text.*)
 *fill*         0x08001194        0xc 
 .text.__late_init
                0x080011a0       0x10 bin/obj/crt0.o
                0x080011a0                __late_init
 .text._default_exit
                0x080011b0       0x10 bin/obj/crt0.o
                0x080011b0                _default_exit
 .text.ResetHandler
                0x080011c0      0x120 bin/obj/crt0.o
                0x080011c0                ResetHandler
 .text._unhandled_exception
                0x080012e0       0x10 bin/obj/vectors.o
                0x080012e0                VectorAC
                0x080012e0                NMIVector
                0x080012e0                Vector11C
                0x080012e0                Vector8C
                0x080012e0                Vector110
                0x080012e0                VectorC8
                0x080012e0                Vector94
                0x080012e0                VectorA8
                0x080012e0                VectorB4
                0x080012e0                VectorEC
                0x080012e0                UsageFaultVector
                0x080012e0                DebugMonitorVector
                0x080012e0                Vector40
                0x080012e0                VectorF8
                0x080012e0                PendSVVector
                0x080012e0                Vector118
                0x080012e0                VectorCC
                0x080012e0                Vector54
                0x080012e0                Vector98
                0x080012e0                Vector24
                0x080012e0                BusFaultVector
                0x080012e0                VectorD0
                0x080012e0                HardFaultVector
                0x080012e0                VectorF0
                0x080012e0                Vector100
                0x080012e0                VectorF4
                0x080012e0                MemManageVector
                0x080012e0                VectorA0
                0x080012e0                VectorC4
                0x080012e0                Vector90
                0x080012e0                Vector114
                0x080012e0                Vector1C
                0x080012e0                Vector48
                0x080012e0                Vector4C
                0x080012e0                _unhandled_exception
                0x080012e0                Vector88
                0x080012e0                Vector104
                0x080012e0                Vector10C
                0x080012e0                Vector50
                0x080012e0                Vector28
                0x080012e0                VectorFC
                0x080012e0                Vector34
                0x080012e0                Vector20
 .text.port_halt
                0x080012f0       0x10 bin/obj/chcore.o
                0x080012f0                port_halt
 .text._port_switch_from_isr
                0x08001300       0x10 bin/obj/chcore_v7m.o
                0x08001300                _port_switch_from_isr
 .text.SVCallVector
                0x08001310       0x20 bin/obj/chcore_v7m.o
                0x08001310                SVCallVector
 .text._port_init
                0x08001330       0x40 bin/obj/chcore_v7m.o
                0x08001330                _port_init
 .text._port_irq_epilogue
                0x08001370       0x70 bin/obj/chcore_v7m.o
                0x08001370                _port_irq_epilogue
 .text.SysTickVector
                0x080013e0       0x20 bin/obj/chcore_v7m.o
                0x080013e0                SysTickVector
 .text._port_switch
                0x08001400       0x10 bin/obj/chcore_v7m.o
                0x08001400                _port_switch
 .text._port_thread_start
                0x08001410       0x10 bin/obj/chcore_v7m.o
                0x08001410                _port_thread_start
 .text.nvicEnableVector
                0x08001420       0x50 bin/obj/nvic.o
                0x08001420                nvicEnableVector
 .text.nvicDisableVector
                0x08001470       0x40 bin/obj/nvic.o
                0x08001470                nvicDisableVector
 .text.nvicSetSystemHandlerPriority
                0x080014b0       0x30 bin/obj/nvic.o
                0x080014b0                nvicSetSystemHandlerPriority
 .text._idle_thread
                0x080014e0       0x20 bin/obj/chsys.o
                0x080014e0                _idle_thread
 .text.chSysInit
                0x08001500       0x70 bin/obj/chsys.o
                0x08001500                chSysInit
 .text.chSysTimerHandlerI
                0x08001570       0x60 bin/obj/chsys.o
                0x08001570                chSysTimerHandlerI
 .text._vt_init
                0x080015d0       0x20 bin/obj/chvt.o
                0x080015d0                _vt_init
 .text.chVTSetI
                0x080015f0       0x40 bin/obj/chvt.o
                0x080015f0                chVTSetI
 .text.chVTResetI
                0x08001630       0x30 bin/obj/chvt.o
                0x08001630                chVTResetI
 .text.wakeup   0x08001660       0x60 bin/obj/chschd.o
 .text._scheduler_init
                0x080016c0       0x20 bin/obj/chschd.o
                0x080016c0                _scheduler_init
 .text.chSchReadyI
                0x080016e0       0x20 bin/obj/chschd.o
                0x080016e0                chSchReadyI
 .text.chSchGoSleepS
                0x08001700       0x30 bin/obj/chschd.o
                0x08001700                chSchGoSleepS
 .text.chSchGoSleepTimeoutS
                0x08001730       0x40 bin/obj/chschd.o
                0x08001730                chSchGoSleepTimeoutS
 .text.chSchWakeupS
                0x08001770       0x60 bin/obj/chschd.o
                0x08001770                chSchWakeupS
 .text.chSchDoRescheduleBehind
                0x080017d0       0x40 bin/obj/chschd.o
                0x080017d0                chSchDoRescheduleBehind
 .text.chSchDoRescheduleAhead
                0x08001810       0x40 bin/obj/chschd.o
                0x08001810                chSchDoRescheduleAhead
 .text.chSchDoReschedule
                0x08001850       0x20 bin/obj/chschd.o
                0x08001850                chSchDoReschedule
 .text._thread_init
                0x08001870       0x50 bin/obj/chthreads.o
                0x08001870                _thread_init
 .text.chThdCreateI
                0x080018c0       0x70 bin/obj/chthreads.o
                0x080018c0                chThdCreateI
 .text.chThdCreateStatic
                0x08001930       0x30 bin/obj/chthreads.o
                0x08001930                chThdCreateStatic
 .text.chThdSleep
                0x08001960       0x20 bin/obj/chthreads.o
                0x08001960                chThdSleep
 .text.chThdSleepUntil
                0x08001980       0x30 bin/obj/chthreads.o
                0x08001980                chThdSleepUntil
 .text.chThdExitS
                0x080019b0       0x40 bin/obj/chthreads.o
                0x080019b0                chThdExitS
 .text.chThdExit
                0x080019f0       0x10 bin/obj/chthreads.o
                0x080019f0                chThdExit
 .text.chThdWait
                0x08001a00       0x40 bin/obj/chthreads.o
                0x08001a00                chThdWait
 .text.chThdRelease
                0x08001a40       0x50 bin/obj/chdynamic.o
                0x08001a40                chThdRelease
 .text.chThdCreateFromHeap
                0x08001a90       0x40 bin/obj/chdynamic.o
                0x08001a90                chThdCreateFromHeap
 .text.chRegFirstThread
                0x08001ad0       0x20 bin/obj/chregistry.o
                0x08001ad0                chRegFirstThread
 .text.chRegNextThread
                0x08001af0       0x30 bin/obj/chregistry.o
                0x08001af0                chRegNextThread
 .text.chMtxInit
                0x08001b20       0x10 bin/obj/chmtx.o
                0x08001b20                chMtxInit
 .text.chMtxLockS
                0x08001b30       0xd0 bin/obj/chmtx.o
                0x08001b30                chMtxLockS
 .text.chMtxLock
                0x08001c00       0x20 bin/obj/chmtx.o
                0x08001c00                chMtxLock
 .text.chMtxUnlock
                0x08001c20       0x60 bin/obj/chmtx.o
                0x08001c20                chMtxUnlock
 .text.chEvtRegisterMask
                0x08001c80       0x30 bin/obj/chevents.o
                0x08001c80                chEvtRegisterMask
 .text.chEvtUnregister
                0x08001cb0       0x30 bin/obj/chevents.o
                0x08001cb0                chEvtUnregister
 .text.chEvtSignalI
                0x08001ce0       0x30 bin/obj/chevents.o
                0x08001ce0                chEvtSignalI
 .text.chEvtBroadcastFlagsI
                0x08001d10       0x30 bin/obj/chevents.o
                0x08001d10                chEvtBroadcastFlagsI
 .text.chEvtWaitAnyTimeout
                0x08001d40       0x50 bin/obj/chevents.o
                0x08001d40                chEvtWaitAnyTimeout
 .text.qwait    0x08001d90       0x30 bin/obj/chqueues.o
 .text.chIQInit
                0x08001dc0       0x20 bin/obj/chqueues.o
                0x08001dc0                chIQInit
 .text.chIQResetI
                0x08001de0       0x30 bin/obj/chqueues.o
                0x08001de0                chIQResetI
 .text.chIQPutI
                0x08001e10       0x50 bin/obj/chqueues.o
                0x08001e10                chIQPutI
 .text.chIQGetTimeout
                0x08001e60       0x50 bin/obj/chqueues.o
                0x08001e60                chIQGetTimeout
 .text.chIQReadTimeout
                0x08001eb0       0x80 bin/obj/chqueues.o
                0x08001eb0                chIQReadTimeout
 .text.chOQInit
                0x08001f30       0x20 bin/obj/chqueues.o
                0x08001f30                chOQInit
 .text.chOQPutTimeout
                0x08001f50       0x50 bin/obj/chqueues.o
                0x08001f50                chOQPutTimeout
 .text.chOQGetI
                0x08001fa0       0x50 bin/obj/chqueues.o
                0x08001fa0                chOQGetI
 .text.chOQWriteTimeout
                0x08001ff0       0x80 bin/obj/chqueues.o
                0x08001ff0                chOQWriteTimeout
 .text._core_init
                0x08002070       0x30 bin/obj/chmemcore.o
                0x08002070                _core_init
 .text.chCoreAlloc
                0x080020a0       0x40 bin/obj/chmemcore.o
                0x080020a0                chCoreAlloc
 .text.chCoreStatus
                0x080020e0       0x20 bin/obj/chmemcore.o
                0x080020e0                chCoreStatus
 .text._heap_init
                0x08002100       0x20 bin/obj/chheap.o
                0x08002100                _heap_init
 .text.chHeapAlloc
                0x08002120       0x90 bin/obj/chheap.o
                0x08002120                chHeapAlloc
 .text.chHeapFree
                0x080021b0       0x90 bin/obj/chheap.o
                0x080021b0                chHeapFree
 .text.chHeapStatus
                0x08002240       0x40 bin/obj/chheap.o
                0x08002240                chHeapStatus
 .text.chPoolFree
                0x08002280       0x20 bin/obj/chmempools.o
                0x08002280                chPoolFree
 .text.halInit  0x080022a0       0x40 bin/obj/hal.o
                0x080022a0                halInit
 .text.adcInit  0x080022e0       0x10 bin/obj/adc.o
                0x080022e0                adcInit
 .text.adcObjectInit
                0x080022f0       0x20 bin/obj/adc.o
                0x080022f0                adcObjectInit
 .text.adcStart
                0x08002310       0x20 bin/obj/adc.o
                0x08002310                adcStart
 .text.adcStartConversion
                0x08002330       0x30 bin/obj/adc.o
                0x08002330                adcStartConversion
 .text.extInit  0x08002360       0x10 bin/obj/ext.o
                0x08002360                extInit
 .text.extObjectInit
                0x08002370       0x10 bin/obj/ext.o
                0x08002370                extObjectInit
 .text.extStart
                0x08002380       0x20 bin/obj/ext.o
                0x08002380                extStart
 .text.extChannelEnable
                0x080023a0       0x20 bin/obj/ext.o
                0x080023a0                extChannelEnable
 .text.gptInit  0x080023c0       0x10 bin/obj/gpt.o
                0x080023c0                gptInit
 .text.gptObjectInit
                0x080023d0       0x10 bin/obj/gpt.o
                0x080023d0                gptObjectInit
 .text.gptStart
                0x080023e0       0x20 bin/obj/gpt.o
                0x080023e0                gptStart
 .text.gptStartOneShotI
                0x08002400       0x10 bin/obj/gpt.o
                0x08002400                gptStartOneShotI
 .text.gptStartOneShot
                0x08002410       0x20 bin/obj/gpt.o
                0x08002410                gptStartOneShot
 .text.i2cInit  0x08002430       0x10 bin/obj/i2c.o
                0x08002430                i2cInit
 .text.i2cObjectInit
                0x08002440       0x10 bin/obj/i2c.o
                0x08002440                i2cObjectInit
 .text.i2cStart
                0x08002450       0x20 bin/obj/i2c.o
                0x08002450                i2cStart
 .text.i2cStop  0x08002470       0x20 bin/obj/i2c.o
                0x08002470                i2cStop
 .text.i2cGetErrors
                0x08002490       0x10 bin/obj/i2c.o
                0x08002490                i2cGetErrors
 .text.i2cMasterTransmitTimeout
                0x080024a0       0x40 bin/obj/i2c.o
                0x080024a0                i2cMasterTransmitTimeout
 .text.i2cAcquireBus
                0x080024e0       0x10 bin/obj/i2c.o
                0x080024e0                i2cAcquireBus
 .text.i2cReleaseBus
                0x080024f0       0x10 bin/obj/i2c.o
                0x080024f0                i2cReleaseBus
 .text.readt    0x08002500       0x10 bin/obj/serial.o
 .text.read     0x08002510       0x10 bin/obj/serial.o
 .text.writet   0x08002520       0x10 bin/obj/serial.o
 .text.write    0x08002530       0x10 bin/obj/serial.o
 .text.gett     0x08002540       0x10 bin/obj/serial.o
 .text.get      0x08002550       0x10 bin/obj/serial.o
 .text.putt     0x08002560       0x10 bin/obj/serial.o
 .text.put      0x08002570       0x10 bin/obj/serial.o
 .text.sdInit   0x08002580       0x10 bin/obj/serial.o
                0x08002580                sdInit
 .text.sdObjectInit
                0x08002590       0x50 bin/obj/serial.o
                0x08002590                sdObjectInit
 .text.sdStart  0x080025e0       0x20 bin/obj/serial.o
                0x080025e0                sdStart
 .text.sdIncomingDataI
                0x08002600       0x40 bin/obj/serial.o
                0x08002600                sdIncomingDataI
 .text.spiInit  0x08002640       0x10 bin/obj/spi.o
                0x08002640                spiInit
 .text.spiObjectInit
                0x08002650       0x10 bin/obj/spi.o
                0x08002650                spiObjectInit
 .text.spiStart
                0x08002660       0x20 bin/obj/spi.o
                0x08002660                spiStart
 .text.tm_start
                0x08002680       0x10 bin/obj/tm.o
 .text.tm_stop  0x08002690       0x30 bin/obj/tm.o
 .text.tmInit   0x080026c0       0x50 bin/obj/tm.o
                0x080026c0                tmInit
 .text.Vector6C
                0x08002710       0x30 bin/obj/stm32_dma.o
                0x08002710                Vector6C
 .text.Vector70
                0x08002740       0x30 bin/obj/stm32_dma.o
                0x08002740                Vector70
 .text.Vector74
                0x08002770       0x30 bin/obj/stm32_dma.o
                0x08002770                Vector74
 .text.Vector78
                0x080027a0       0x30 bin/obj/stm32_dma.o
                0x080027a0                Vector78
 .text.Vector7C
                0x080027d0       0x30 bin/obj/stm32_dma.o
                0x080027d0                Vector7C
 .text.Vector80
                0x08002800       0x30 bin/obj/stm32_dma.o
                0x08002800                Vector80
 .text.Vector84
                0x08002830       0x30 bin/obj/stm32_dma.o
                0x08002830                Vector84
 .text.Vector120
                0x08002860       0x30 bin/obj/stm32_dma.o
                0x08002860                Vector120
 .text.Vector124
                0x08002890       0x30 bin/obj/stm32_dma.o
                0x08002890                Vector124
 .text.Vector128
                0x080028c0       0x30 bin/obj/stm32_dma.o
                0x080028c0                Vector128
 .text.Vector12C
                0x080028f0       0x50 bin/obj/stm32_dma.o
                0x080028f0                Vector12C
 .text.dmaInit  0x08002940       0x50 bin/obj/stm32_dma.o
                0x08002940                dmaInit
 .text.dmaStreamAllocate
                0x08002990       0x90 bin/obj/stm32_dma.o
                0x08002990                dmaStreamAllocate
 .text.dmaStreamRelease
                0x08002a20       0x50 bin/obj/stm32_dma.o
                0x08002a20                dmaStreamRelease
 .text.hal_lld_init
                0x08002a70       0x80 bin/obj/hal_lld.o
                0x08002a70                hal_lld_init
 .text.stm32_clock_init
                0x08002af0       0xb0 bin/obj/hal_lld.o
                0x08002af0                stm32_clock_init
 .text.adc_lld_serve_rx_interrupt
                0x08002ba0      0x130 bin/obj/adc_lld.o
 .text.adc_lld_init
                0x08002cd0       0x80 bin/obj/adc_lld.o
                0x08002cd0                adc_lld_init
 .text.adc_lld_start
                0x08002d50       0x50 bin/obj/adc_lld.o
                0x08002d50                adc_lld_start
 .text.adc_lld_start_conversion
                0x08002da0       0x70 bin/obj/adc_lld.o
                0x08002da0                adc_lld_start_conversion
 .text.Vector58
                0x08002e10       0x30 bin/obj/ext_lld_isr.o
                0x08002e10                Vector58
 .text.Vector5C
                0x08002e40       0x30 bin/obj/ext_lld_isr.o
                0x08002e40                Vector5C
 .text.Vector60
                0x08002e70       0x30 bin/obj/ext_lld_isr.o
                0x08002e70                Vector60
 .text.Vector64
                0x08002ea0       0x30 bin/obj/ext_lld_isr.o
                0x08002ea0                Vector64
 .text.Vector68
                0x08002ed0       0x30 bin/obj/ext_lld_isr.o
                0x08002ed0                Vector68
 .text.Vector9C
                0x08002f00       0x70 bin/obj/ext_lld_isr.o
                0x08002f00                Vector9C
 .text.VectorE0
                0x08002f70       0x80 bin/obj/ext_lld_isr.o
                0x08002f70                VectorE0
 .text.Vector44
                0x08002ff0       0x30 bin/obj/ext_lld_isr.o
                0x08002ff0                Vector44
 .text.VectorE4
                0x08003020       0x30 bin/obj/ext_lld_isr.o
                0x08003020                VectorE4
 .text.VectorE8
                0x08003050       0x30 bin/obj/ext_lld_isr.o
                0x08003050                VectorE8
 .text.ext_lld_exti_irq_enable
                0x08003080       0x60 bin/obj/ext_lld_isr.o
                0x08003080                ext_lld_exti_irq_enable
 .text.ext_lld_init
                0x080030e0       0x10 bin/obj/ext_lld.o
                0x080030e0                ext_lld_init
 .text.ext_lld_channel_enable
                0x080030f0       0xb0 bin/obj/ext_lld.o
                0x080030f0                ext_lld_channel_enable
 .text.ext_lld_channel_disable
                0x080031a0       0x30 bin/obj/ext_lld.o
                0x080031a0                ext_lld_channel_disable
 .text.ext_lld_start
                0x080031d0       0x40 bin/obj/ext_lld.o
                0x080031d0                ext_lld_start
 .text.VectorA4
                0x08003210       0x30 bin/obj/gpt_lld.o
                0x08003210                VectorA4
 .text.VectorB0
                0x08003240       0x30 bin/obj/gpt_lld.o
                0x08003240                VectorB0
 .text.Vector108
                0x08003270       0x30 bin/obj/gpt_lld.o
                0x08003270                Vector108
 .text.gpt_lld_init
                0x080032a0       0x50 bin/obj/gpt_lld.o
                0x080032a0                gpt_lld_init
 .text.gpt_lld_start
                0x080032f0       0xc0 bin/obj/gpt_lld.o
                0x080032f0                gpt_lld_start
 .text.gpt_lld_start_timer
                0x080033b0       0x20 bin/obj/gpt_lld.o
                0x080033b0                gpt_lld_start_timer
 .text._pal_lld_init
                0x080033d0       0xb0 bin/obj/pal_lld.o
                0x080033d0                _pal_lld_init
 .text._pal_lld_setgroupmode
                0x08003480       0x60 bin/obj/pal_lld.o
                0x08003480                _pal_lld_setgroupmode
 .text.i2c_lld_abort_operation
                0x080034e0       0x50 bin/obj/i2c_lld.o
 .text.i2c_lld_safety_timeout
                0x08003530       0x30 bin/obj/i2c_lld.o
 .text.i2c_lld_serve_tx_end_irq
                0x08003560       0x40 bin/obj/i2c_lld.o
 .text.i2c_lld_serve_rx_end_irq
                0x080035a0       0x70 bin/obj/i2c_lld.o
 .text.VectorBC
                0x08003610      0x100 bin/obj/i2c_lld.o
                0x08003610                VectorBC
 .text.VectorC0
                0x08003710       0xf0 bin/obj/i2c_lld.o
                0x08003710                VectorC0
 .text.i2c_lld_init
                0x08003800       0x30 bin/obj/i2c_lld.o
                0x08003800                i2c_lld_init
 .text.i2c_lld_start
                0x08003830      0x180 bin/obj/i2c_lld.o
                0x08003830                i2c_lld_start
 .text.i2c_lld_stop
                0x080039b0       0x50 bin/obj/i2c_lld.o
                0x080039b0                i2c_lld_stop
 .text.i2c_lld_master_transmit_timeout
                0x08003a00       0xf0 bin/obj/i2c_lld.o
                0x08003a00                i2c_lld_master_transmit_timeout
 .text.spi_lld_serve_tx_interrupt
                0x08003af0       0x10 bin/obj/spi_lld.o
 .text.spi_lld_serve_rx_interrupt
                0x08003b00       0x70 bin/obj/spi_lld.o
 .text.spi_lld_init
                0x08003b70       0x50 bin/obj/spi_lld.o
                0x08003b70                spi_lld_init
 .text.spi_lld_start
                0x08003bc0       0xb0 bin/obj/spi_lld.o
                0x08003bc0                spi_lld_start
 .text.spi_lld_select
                0x08003c70       0x10 bin/obj/spi_lld.o
                0x08003c70                spi_lld_select
 .text.spi_lld_unselect
                0x08003c80       0x10 bin/obj/spi_lld.o
                0x08003c80                spi_lld_unselect
 .text.spi_lld_polled_exchange
                0x08003c90       0x10 bin/obj/spi_lld.o
                0x08003c90                spi_lld_polled_exchange
 .text.notify1  0x08003ca0       0x20 bin/obj/serial_lld.o
 .text.notify2  0x08003cc0       0x20 bin/obj/serial_lld.o
 .text.notify3  0x08003ce0       0x20 bin/obj/serial_lld.o
 .text.serve_interrupt
                0x08003d00      0x130 bin/obj/serial_lld.o
 .text.VectorD4
                0x08003e30       0x20 bin/obj/serial_lld.o
                0x08003e30                VectorD4
 .text.VectorD8
                0x08003e50       0x20 bin/obj/serial_lld.o
                0x08003e50                VectorD8
 .text.VectorDC
                0x08003e70       0x20 bin/obj/serial_lld.o
                0x08003e70                VectorDC
 .text.sd_lld_init
                0x08003e90       0x70 bin/obj/serial_lld.o
                0x08003e90                sd_lld_init
 .text.sd_lld_start
                0x08003f00       0xe0 bin/obj/serial_lld.o
                0x08003f00                sd_lld_start
 .text.__early_init
                0x08003fe0       0x10 bin/obj/board.o
                0x08003fe0                __early_init
 .text.boardInit
                0x08003ff0       0x10 bin/obj/board.o
                0x08003ff0                boardInit
 .text.long_to_string_with_divisor.constprop.0
                0x08004000       0x50 bin/obj/chprintf.o
 .text.chprintf
                0x08004050      0x2d0 bin/obj/chprintf.o
                0x08004050                chprintf
 .text.cmd_flags
                0x08004320       0xf0 bin/obj/vexshell.o
 .text.cmd_reboot
                0x08004410       0x50 bin/obj/vexshell.o
 .text.cmd_threads
                0x08004460       0x90 bin/obj/vexshell.o
 .text.cmd_mem  0x080044f0       0x80 bin/obj/vexshell.o
 .text.cmd_systime
                0x08004570       0x30 bin/obj/vexshell.o
 .text.cmd_info
                0x080045a0       0xe0 bin/obj/vexshell.o
 .text._strtok.constprop.5
                0x08004680       0x40 bin/obj/vexshell.o
 .text.shellInit
                0x080046c0       0x10 bin/obj/vexshell.o
                0x080046c0                shellInit
 .text.shellCreate
                0x080046d0       0x20 bin/obj/vexshell.o
                0x080046d0                shellCreate
 .text.shellGetLine
                0x080046f0      0x1f0 bin/obj/vexshell.o
                0x080046f0                shellGetLine
 .text.shell_thread
                0x080048e0      0x200 bin/obj/vexshell.o
 .text.vexCortexMonitorTask
                0x08004ae0      0x160 bin/obj/vexcortex.o
 .text.vexCortexSystemTask
                0x08004c40       0x50 bin/obj/vexcortex.o
 .text.vexTaskRegisterPersistant
                0x08004c90       0x70 bin/obj/vexcortex.o
                0x08004c90                vexTaskRegisterPersistant
 .text.vexTaskRegister
                0x08004d00       0x10 bin/obj/vexcortex.o
                0x08004d00                vexTaskRegister
 .text.vexSleep
                0x08004d10       0xb0 bin/obj/vexcortex.o
                0x08004d10                vexSleep
 .text.vexCortexInit
                0x08004dc0       0xf0 bin/obj/vexcortex.o
                0x08004dc0                vexCortexInit
 .text.vexConsoleInit
                0x08004eb0       0x20 bin/obj/vexcortex.o
                0x08004eb0                vexConsoleInit
 .text._vi_cb   0x08004ed0       0x50 bin/obj/vexdigital.o
 .text.vexDigitalModeSet
                0x08004f20       0x40 bin/obj/vexdigital.o
                0x08004f20                vexDigitalModeSet
 .text.vexDigitalPinSet
                0x08004f60       0x30 bin/obj/vexdigital.o
                0x08004f60                vexDigitalPinSet
 .text.vexDigitalIntrSet
                0x08004f90       0x60 bin/obj/vexdigital.o
                0x08004f90                vexDigitalIntrSet
 .text.vexDigitalIntrRun
                0x08004ff0       0x30 bin/obj/vexdigital.o
                0x08004ff0                vexDigitalIntrRun
 .text.vexDigitalConfigure
                0x08005020      0x130 bin/obj/vexconfig.o
                0x08005020                vexDigitalConfigure
 .text.vexMotorConfigure
                0x08005150       0xe0 bin/obj/vexconfig.o
                0x08005150                vexMotorConfigure
 .text.vexExtSet
                0x08005230       0x60 bin/obj/vexext.o
                0x08005230                vexExtSet
 .text.vexExtIrqInit
                0x08005290       0x20 bin/obj/vexext.o
                0x08005290                vexExtIrqInit
 .text._vqe_4_cb_b
                0x080052b0       0x50 bin/obj/vexencoder.o
 .text._vqe_5_cb_a
                0x08005300       0x50 bin/obj/vexencoder.o
 .text._vqe_5_cb_b
                0x08005350       0x50 bin/obj/vexencoder.o
 .text._vqe_1_cb_a
                0x080053a0       0x50 bin/obj/vexencoder.o
 .text._vqe_2_cb_a
                0x080053f0       0x50 bin/obj/vexencoder.o
 .text._vqe_3_cb_a
                0x08005440       0x50 bin/obj/vexencoder.o
 .text._vqe_4_cb_a
                0x08005490       0x50 bin/obj/vexencoder.o
 .text._vqe_1_cb_b
                0x080054e0       0x50 bin/obj/vexencoder.o
 .text._vqe_2_cb_b
                0x08005530       0x50 bin/obj/vexencoder.o
 .text._vqe_3_cb_b
                0x08005580       0x50 bin/obj/vexencoder.o
 .text.vexEncoderInit
                0x080055d0       0x30 bin/obj/vexencoder.o
                0x080055d0                vexEncoderInit
 .text.vexEncoderAdd
                0x08005600       0xc0 bin/obj/vexencoder.o
                0x08005600                vexEncoderAdd
 .text.vexEncoderStart
                0x080056c0       0x40 bin/obj/vexencoder.o
                0x080056c0                vexEncoderStart
 .text.vexEncoderStartAll
                0x08005700       0x30 bin/obj/vexencoder.o
                0x08005700                vexEncoderStartAll
 .text.vexEncoderGet
                0x08005730       0x20 bin/obj/vexencoder.o
                0x08005730                vexEncoderGet
 .text.vexEncoderSet
                0x08005750       0x20 bin/obj/vexencoder.o
                0x08005750                vexEncoderSet
 .text.vexEncoderGetId
                0x08005770       0x30 bin/obj/vexencoder.o
                0x08005770                vexEncoderGetId
 .text.vexEncoderDebug
                0x080057a0       0x40 bin/obj/vexencoder.o
                0x080057a0                vexEncoderDebug
 .text._vs_echo_cb
                0x080057e0       0x60 bin/obj/vexsonar.o
 .text._vs_gpt_cb
                0x08005840       0x70 bin/obj/vexsonar.o
 .text.vexSonarAdd
                0x080058b0       0x80 bin/obj/vexsonar.o
                0x080058b0                vexSonarAdd
 .text.vexSonarStart
                0x08005930       0x20 bin/obj/vexsonar.o
                0x08005930                vexSonarStart
 .text.vexSonarStartAll
                0x08005950       0x30 bin/obj/vexsonar.o
                0x08005950                vexSonarStartAll
 .text.vexSonarRun
                0x08005980       0x50 bin/obj/vexsonar.o
                0x08005980                vexSonarRun
 .text.vexSonarPing
                0x080059d0       0x40 bin/obj/vexsonar.o
                0x080059d0                vexSonarPing
 .text.VexSonarTask
                0x08005a10      0x100 bin/obj/vexsonar.o
 .text.vexSonarDebug
                0x08005b10       0x60 bin/obj/vexsonar.o
                0x08005b10                vexSonarDebug
 .text.vexMotorSet
                0x08005b70       0x30 bin/obj/vexmotor.o
                0x08005b70                vexMotorSet
 .text.vexMotorGet
                0x08005ba0       0x20 bin/obj/vexmotor.o
                0x08005ba0                vexMotorGet
 .text.vexMotorStopAll
                0x08005bc0       0x30 bin/obj/vexmotor.o
                0x08005bc0                vexMotorStopAll
 .text.vexMotorTypeSet
                0x08005bf0       0x20 bin/obj/vexmotor.o
                0x08005bf0                vexMotorTypeSet
 .text.vexMotorDirectionSet
                0x08005c10       0x20 bin/obj/vexmotor.o
                0x08005c10                vexMotorDirectionSet
 .text.vexMotorDirectionGet
                0x08005c30       0x20 bin/obj/vexmotor.o
                0x08005c30                vexMotorDirectionGet
 .text.vexMotorPositionGet
                0x08005c50       0x40 bin/obj/vexmotor.o
                0x08005c50                vexMotorPositionGet
 .text.vexMotorPositionGetCallback
                0x08005c90       0x20 bin/obj/vexmotor.o
                0x08005c90                vexMotorPositionGetCallback
 .text.vexMotorPositionSetCallback
                0x08005cb0       0x20 bin/obj/vexmotor.o
                0x08005cb0                vexMotorPositionSetCallback
 .text.vexMotorEncoderIdCallback
                0x08005cd0       0x20 bin/obj/vexmotor.o
                0x08005cd0                vexMotorEncoderIdCallback
 .text.vexMotorDebug
                0x08005cf0       0xd0 bin/obj/vexmotor.o
                0x08005cf0                vexMotorDebug
 .text._vexMotorPwmInit
                0x08005dc0      0x150 bin/obj/vexmotor.o
                0x08005dc0                _vexMotorPwmInit
 .text.vexMotorInit
                0x08005f10       0x40 bin/obj/vexmotor.o
                0x08005f10                vexMotorInit
 .text._vexMotorPwmSet_0
                0x08005f50       0x60 bin/obj/vexmotor.o
                0x08005f50                _vexMotorPwmSet_0
 .text._vexMotorPwmSet_9
                0x08005fb0       0x70 bin/obj/vexmotor.o
                0x08005fb0                _vexMotorPwmSet_9
 .text.VectorB8
                0x08006020       0xd0 bin/obj/vexmotor.o
                0x08006020                VectorB8
 .text._vspi_gpt_cb
                0x080060f0       0x30 bin/obj/vexspi.o
 .text.vexSpiInit
                0x08006120       0x50 bin/obj/vexspi.o
                0x08006120                vexSpiInit
 .text.vexSpiGetOnlineStatus
                0x08006170       0x10 bin/obj/vexspi.o
                0x08006170                vexSpiGetOnlineStatus
 .text.vexSpiGetJoystickDataPtr
                0x08006180       0x20 bin/obj/vexspi.o
                0x08006180                vexSpiGetJoystickDataPtr
 .text.vexSpiGetControl
                0x080061a0       0x10 bin/obj/vexspi.o
                0x080061a0                vexSpiGetControl
 .text.vexSpiGetMainBattery
                0x080061b0       0x20 bin/obj/vexspi.o
                0x080061b0                vexSpiGetMainBattery
 .text.vexSpiGetBackupBattery
                0x080061d0       0x20 bin/obj/vexspi.o
                0x080061d0                vexSpiGetBackupBattery
 .text.vexSpiSetMotor
                0x080061f0       0x30 bin/obj/vexspi.o
                0x080061f0                vexSpiSetMotor
 .text.vexSpiTickDelay
                0x08006220       0x40 bin/obj/vexspi.o
                0x08006220                vexSpiTickDelay
 .text.vexSpiSend
                0x08006260      0x130 bin/obj/vexspi.o
                0x08006260                vexSpiSend
 .text.vexSpiDebug
                0x08006390      0x180 bin/obj/vexspi.o
                0x08006390                vexSpiDebug
 .text.vexLcdSendMessage.part.1
                0x08006510       0xa0 bin/obj/vexlcd.o
 .text.vexLcdInit
                0x080065b0       0xb0 bin/obj/vexlcd.o
                0x080065b0                vexLcdInit
 .text.vexLcdSet
                0x08006660       0x30 bin/obj/vexlcd.o
                0x08006660                vexLcdSet
 .text.vexLcdPrintf
                0x08006690       0x40 bin/obj/vexlcd.o
                0x08006690                vexLcdPrintf
 .text.vexLcdBacklight
                0x080066d0       0x30 bin/obj/vexlcd.o
                0x080066d0                vexLcdBacklight
 .text.vexLcdButtonGet
                0x08006700       0x20 bin/obj/vexlcd.o
                0x08006700                vexLcdButtonGet
 .text.vexLcdCheckReceiveMessage
                0x08006720       0x80 bin/obj/vexlcd.o
                0x08006720                vexLcdCheckReceiveMessage
 .text.VexLcdUpdate
                0x080067a0       0xf0 bin/obj/vexlcd.o
 .text.vexLcdDebug
                0x08006890       0xa0 bin/obj/vexlcd.o
                0x08006890                vexLcdDebug
 .text.vexAdcInit
                0x08006930       0x40 bin/obj/vexanalog.o
                0x08006930                vexAdcInit
 .text.vexAdcDebug
                0x08006970       0x30 bin/obj/vexanalog.o
                0x08006970                vexAdcDebug
 .text.vexControllerCompetitonState
                0x080069a0       0x30 bin/obj/vexctl.o
                0x080069a0                vexControllerCompetitonState
 .text.vexControllerGet
                0x080069d0      0x140 bin/obj/vexctl.o
                0x080069d0                vexControllerGet
 .text.vexImeGetCount
                0x08006b10       0x30 bin/obj/vexime.o
                0x08006b10                vexImeGetCount
 .text.vexImeSetCount
                0x08006b40       0x20 bin/obj/vexime.o
                0x08006b40                vexImeSetCount
 .text.vexImeGetId
                0x08006b60       0x20 bin/obj/vexime.o
                0x08006b60                vexImeGetId
 .text.vexImeSetType
                0x08006b80       0x40 bin/obj/vexime.o
                0x08006b80                vexImeSetType
 .text.vexImeSetMotor
                0x08006bc0       0x20 bin/obj/vexime.o
                0x08006bc0                vexImeSetMotor
 .text.vexImeInit
                0x08006be0       0x60 bin/obj/vexime.o
                0x08006be0                vexImeInit
 .text.vexIMEDataInit
                0x08006c40       0x50 bin/obj/vexime.o
                0x08006c40                vexIMEDataInit
 .text.vexIMEResetAll
                0x08006c90       0x50 bin/obj/vexime.o
                0x08006c90                vexIMEResetAll
 .text.vexIMEHandleErrors
                0x08006ce0       0x80 bin/obj/vexime.o
                0x08006ce0                vexIMEHandleErrors
 .text.vexIMESetAddr
                0x08006d60       0x60 bin/obj/vexime.o
                0x08006d60                vexIMESetAddr
 .text.vexIMEEnableTermination
                0x08006dc0       0x60 bin/obj/vexime.o
                0x08006dc0                vexIMEEnableTermination
 .text.vexIMEDisableTermination
                0x08006e20       0x60 bin/obj/vexime.o
                0x08006e20                vexIMEDisableTermination
 .text.vexIMEClearCounters
                0x08006e80       0x60 bin/obj/vexime.o
                0x08006e80                vexIMEClearCounters
 .text.vexIMEGetData
                0x08006ee0       0x60 bin/obj/vexime.o
                0x08006ee0                vexIMEGetData
 .text.vexIMEUpdateCounts
                0x08006f40       0x80 bin/obj/vexime.o
                0x08006f40                vexIMEUpdateCounts
 .text.vexIMEGetDeviceId
                0x08006fc0       0x60 bin/obj/vexime.o
                0x08006fc0                vexIMEGetDeviceId
 .text.vexIMEGetVendor
                0x08007020       0x60 bin/obj/vexime.o
                0x08007020                vexIMEGetVendor
 .text.vexIMEGetVersion
                0x08007080       0x60 bin/obj/vexime.o
                0x08007080                vexIMEGetVersion
 .text.vexIMEFindEncoders
                0x080070e0       0xf0 bin/obj/vexime.o
                0x080070e0                vexIMEFindEncoders
 .text.vexIMEPrintBuf
                0x080071d0       0x80 bin/obj/vexime.o
                0x080071d0                vexIMEPrintBuf
 .text.vexImeTask
                0x08007250      0x110 bin/obj/vexime.o
 .text.vexIMEDebug
                0x08007360      0x120 bin/obj/vexime.o
                0x08007360                vexIMEDebug
 .text.vex_printc
                0x08007480       0xc0 bin/obj/vexprintf.o
 .text.vex_prints
                0x08007540       0xa0 bin/obj/vexprintf.o
 .text.vex_printi
                0x080075e0       0xd0 bin/obj/vexprintf.o
 .text.vex_print
                0x080076b0      0x410 bin/obj/vexprintf.o
 .text.vex_chprintf
                0x08007ac0       0x60 bin/obj/vexprintf.o
                0x08007ac0                vex_chprintf
 .text.vex_vsnprintf
                0x08007b20       0x60 bin/obj/vexprintf.o
                0x08007b20                vex_vsnprintf
 .text.vexTestThread
                0x08007b80       0x20 bin/obj/vextest.o
 .text.vexTest  0x08007ba0       0x30 bin/obj/vextest.o
                0x08007ba0                vexTest
 .text.vexTestDebug
                0x08007bd0       0x10 bin/obj/vextest.o
                0x08007bd0                vexTestDebug
 .text.CleanupTask
                0x08007be0       0x30 bin/obj/robotc_glue.o
                0x08007be0                CleanupTask
 .text.isEnabled
                0x08007c10       0x10 bin/obj/vexuser.o
                0x08007c10                isEnabled
 .text.autoSelect
                0x08007c20       0x80 bin/obj/vexuser.o
                0x08007c20                autoSelect
 .text.braydonsDriveControl
                0x08007ca0      0x140 bin/obj/vexuser.o
                0x08007ca0                braydonsDriveControl
 .text.dropCubeAuto
                0x08007de0       0x80 bin/obj/vexuser.o
                0x08007de0                dropCubeAuto
 .text.vexUserSetup
                0x08007e60       0x30 bin/obj/vexuser.o
                0x08007e60                vexUserSetup
 .text.vexUserInit
                0x08007e90       0x10 bin/obj/vexuser.o
                0x08007e90                vexUserInit
 .text.vexAutonomous
                0x08007ea0       0x50 bin/obj/vexuser.o
                0x08007ea0                vexAutonomous
 .text.vexOperator
                0x08007ef0      0x1e0 bin/obj/vexuser.o
                0x08007ef0                vexOperator
 *(.rodata)
 .rodata        0x080080d0        0x4 bin/obj/vexshell.o
 *fill*         0x080080d4        0xc 
 .rodata        0x080080e0      0x104 c:/yagarto-20121222/bin/../lib/gcc/arm-none-eabi/4.7.2/../../../../arm-none-eabi/lib/thumb/v7m\libc.a(lib_a-ctype_.o)
                0x080080e0                _ctype_
 *(.rodata.*)
 *fill*         0x080081e4        0xc 
 .rodata.str1.4
                0x080081f0        0x5 bin/obj/chsys.o
                                  0x8 (size before relaxing)
 *fill*         0x080081f5        0xb 
 .rodata.ch_debug
                0x08008200       0x18 bin/obj/chregistry.o
                0x08008200                ch_debug
 *fill*         0x08008218        0x8 
 .rodata.vmt    0x08008220       0x20 bin/obj/serial.o
 .rodata._stm32_dma_streams
                0x08008240       0x90 bin/obj/stm32_dma.o
                0x08008240                _stm32_dma_streams
 .rodata.cfgtab.6498
                0x080082d0       0x14 bin/obj/pal_lld.o
 *fill*         0x080082e4        0xc 
 .rodata.default_config
                0x080082f0        0xc bin/obj/serial_lld.o
 *fill*         0x080082fc        0x4 
 .rodata.pal_default_config
                0x08008300       0x54 bin/obj/board.o
                0x08008300                pal_default_config
 *fill*         0x08008354        0xc 
 .rodata.str1.4
                0x08008360        0x7 bin/obj/chprintf.o
                                  0x8 (size before relaxing)
 *fill*         0x08008367        0x9 
 .rodata.states.7690
                0x08008370       0x3c bin/obj/vexshell.o
 *fill*         0x080083ac        0x4 
 .rodata.str1.4
                0x080083b0      0x4c2 bin/obj/vexshell.o
                                0x4cc (size before relaxing)
 *fill*         0x08008872        0xe 
 .rodata.lcd_config
                0x08008880        0xc bin/obj/vexcortex.o
 *fill*         0x0800888c        0x4 
 .rodata.console_config
                0x08008890        0xc bin/obj/vexcortex.o
 *fill*         0x0800889c        0x4 
 .rodata.str1.4
                0x080088a0       0x4c bin/obj/vexcortex.o
                                 0x70 (size before relaxing)
 *fill*         0x080088ec        0x4 
 .rodata._vqe_cb_a
                0x080088f0       0x14 bin/obj/vexencoder.o
 *fill*         0x08008904        0xc 
 .rodata._vqe_cb_b
                0x08008910       0x14 bin/obj/vexencoder.o
 *fill*         0x08008924        0xc 
 .rodata.str1.4
                0x08008930       0x11 bin/obj/vexencoder.o
                                 0x14 (size before relaxing)
 *fill*         0x08008941        0xf 
 .rodata.vexSonarGpt
                0x08008950        0x8 bin/obj/vexsonar.o
 *fill*         0x08008958        0x8 
 .rodata.str1.4
                0x08008960       0x30 bin/obj/vexsonar.o
 .rodata.str1.4
                0x08008990       0x5d bin/obj/vexmotor.o
                                 0x68 (size before relaxing)
 *fill*         0x080089ed        0x3 
 .rodata.txInitData
                0x080089f0       0x20 bin/obj/vexspi.o
 .rodata.vexSpiGpt
                0x08008a10        0x8 bin/obj/vexspi.o
 *fill*         0x08008a18        0x8 
 .rodata.str1.4
                0x08008a20       0x67 bin/obj/vexspi.o
                                 0x6c (size before relaxing)
 *fill*         0x08008a87        0x9 
 .rodata.str1.4
                0x08008a90       0x45 bin/obj/vexlcd.o
                                 0x4c (size before relaxing)
 *fill*         0x08008ad5        0xb 
 .rodata.str1.4
                0x08008ae0       0x13 bin/obj/vexanalog.o
                                 0x14 (size before relaxing)
 *fill*         0x08008af3        0xd 
 .rodata.str1.4
                0x08008b00       0xeb bin/obj/vexime.o
                                0x104 (size before relaxing)
 *fill*         0x08008beb        0x5 
 .rodata.imeI2cConfig
                0x08008bf0        0xc bin/obj/vexime.o
 .rodata.str1.4
                0x00000000       0xeb bin/obj/vexprintf.o
                                  0xc (size before relaxing)
 *fill*         0x08008bfc        0x4 
 .rodata.round_nums
                0x08008c00       0x40 bin/obj/vexprintf.o
 .rodata.str1.4
                0x08008c40        0x5 bin/obj/vextest.o
                                  0x8 (size before relaxing)
 *fill*         0x08008c45        0xb 
 .rodata.str1.4
                0x08008c50       0x37 bin/obj/vexuser.o
                                 0x38 (size before relaxing)
 *fill*         0x08008c87        0x9 
 .rodata.commands
                0x08008c90       0x48 bin/obj/main.o
 *fill*         0x08008cd8        0x8 
 .rodata.str1.4
                0x08008ce0       0x3c bin/obj/main.o
                                 0x4c (size before relaxing)
 *fill*         0x08008d1c        0x4 
 .rodata.shell_cfg1
                0x08008d20        0x8 bin/obj/main.o
 *fill*         0x08008d28        0x8 
 .rodata.str1.4
                0x08008d30        0x4 c:/yagarto-20121222/bin/../lib/gcc/arm-none-eabi/4.7.2/../../../../arm-none-eabi/lib/thumb/v7m\libc.a(lib_a-impure.o)
 *(.glue_7t)
 .glue_7t       0x00000000        0x0 linker stubs
 *(.glue_7)
 .glue_7        0x00000000        0x0 linker stubs
 *(.gcc*)

.vfp11_veneer   0x08008d34        0x0
 .vfp11_veneer  0x00000000        0x0 linker stubs

.v4_bx          0x08008d34        0x0
 .v4_bx         0x00000000        0x0 linker stubs

.iplt           0x08008d34        0x0
 .iplt          0x00000000        0x0 bin/obj/crt0.o

.rel.dyn        0x08008d34        0x0
 .rel.iplt      0x00000000        0x0 bin/obj/crt0.o

.ARM.extab
 *(.ARM.extab* .gnu.linkonce.armextab.*)

.ARM.exidx      0x08008d34        0x0
                0x08008d34                PROVIDE (__exidx_start, .)
 *(.ARM.exidx* .gnu.linkonce.armexidx.*)
                0x08008d34                PROVIDE (__exidx_end, .)

.eh_frame_hdr
 *(.eh_frame_hdr)

.eh_frame
 *(.eh_frame)

.textalign      0x08008d34        0x4
                0x08008d38                . = ALIGN (0x8)
 *fill*         0x08008d34        0x4 
                0x08008d38                . = ALIGN (0x4)
                0x08008d38                _etext = .
                0x08008d38                _textdata = _etext

.stacks         0x20000000      0x800
                0x20000000                . = ALIGN (0x8)
                0x20000000                __main_stack_base__ = .
                0x20000400                . = (. + __main_stack_size__)
 *fill*         0x20000000      0x400 
                0x20000400                . = ALIGN (0x8)
                0x20000400                __main_stack_end__ = .
                0x20000400                __process_stack_base__ = .
                0x20000400                __main_thread_stack_base__ = .
                0x20000800                . = (. + __process_stack_size__)
 *fill*         0x20000400      0x400 
                0x20000800                . = ALIGN (0x8)
                0x20000800                __process_stack_end__ = .
                0x20000800                __main_thread_stack_end__ = .

.data           0x20000800      0x770 load address 0x08008d38
                0x20000800                . = ALIGN (0x4)
                0x20000800                PROVIDE (_data, .)
 *(.data)
 .data          0x20000800        0x4 c:/yagarto-20121222/bin/../lib/gcc/arm-none-eabi/4.7.2/../../../../arm-none-eabi/lib/thumb/v7m\libc.a(lib_a-ctype_.o)
                0x20000800                __ctype_ptr__
 *fill*         0x20000804        0x4 
 .data          0x20000808      0x430 c:/yagarto-20121222/bin/../lib/gcc/arm-none-eabi/4.7.2/../../../../arm-none-eabi/lib/thumb/v7m\libc.a(lib_a-impure.o)
                0x20000808                _impure_ptr
                0x20000c38                . = ALIGN (0x4)
 *(.data.*)
 .data.shell_echo
                0x20000c38        0x1 bin/obj/vexshell.o
 .data.shell_bufr
                0x20000c39        0x1 bin/obj/vexshell.o
 *fill*         0x20000c3a        0x2 
 .data.local_commands
                0x20000c3c       0x38 bin/obj/vexshell.o
 .data.task_terminate
                0x20000c74        0x4 bin/obj/vexcortex.o
 .data.vexioDefinition
                0x20000c78       0x90 bin/obj/vexdigital.o
                0x20000c78                vexioDefinition
 .data.vexDefConfig
                0x20000d08       0x48 bin/obj/vexconfig.o
 .data.vexExtCfg
                0x20000d50       0x98 bin/obj/vexext.o
 .data.spicfg   0x20000de8        0xc bin/obj/vexspi.o
 .data.spiTeamName
                0x20000df4       0x10 bin/obj/vexspi.o
 .data.vexLcdData
                0x20000e04       0xc0 bin/obj/vexlcd.o
 .data.adccg    0x20000ec4       0x28 bin/obj/vexanalog.o
 .data.mConfig  0x20000eec       0x3c bin/obj/vexuser.o
 .data.dConfig  0x20000f28       0x48 bin/obj/vexuser.o
                0x20000f70                . = ALIGN (0x4)
 *(.ramtext)
                0x20000f70                . = ALIGN (0x4)
                0x20000f70                PROVIDE (_edata, .)

.igot.plt       0x20000f70        0x0 load address 0x080094a8
 .igot.plt      0x00000000        0x0 bin/obj/crt0.o

.bss            0x20000f70     0x1c90 load address 0x080094a8
                0x20000f70                . = ALIGN (0x4)
                0x20000f70                PROVIDE (_bss_start, .)
 *(.bss)
                0x20000f70                . = ALIGN (0x4)
 *(.bss.*)
 .bss.mainthread.4772
                0x20000f70       0x48 bin/obj/chsys.o
 .bss._idle_thread_wa
                0x20000fb8       0xc0 bin/obj/chsys.o
                0x20000fb8                _idle_thread_wa
 .bss.vtlist    0x20001078       0x10 bin/obj/chvt.o
                0x20001078                vtlist
 .bss.rlist     0x20001088       0x1c bin/obj/chschd.o
                0x20001088                rlist
 .bss.endmem    0x200010a4        0x4 bin/obj/chmemcore.o
 .bss.nextmem   0x200010a8        0x4 bin/obj/chmemcore.o
 *fill*         0x200010ac        0x4 
 .bss.default_heap
                0x200010b0       0x20 bin/obj/chheap.o
 .bss.measurement_offset
                0x200010d0        0x4 bin/obj/tm.o
 .bss.dma_isr_redir
                0x200010d4       0x60 bin/obj/stm32_dma.o
 .bss.dma_streams_mask
                0x20001134        0x4 bin/obj/stm32_dma.o
 .bss.ADCD1     0x20001138       0x34 bin/obj/adc_lld.o
                0x20001138                ADCD1
 .bss.EXTD1     0x2000116c        0x8 bin/obj/ext_lld.o
                0x2000116c                EXTD1
 .bss.GPTD1     0x20001174       0x10 bin/obj/gpt_lld.o
                0x20001174                GPTD1
 .bss.GPTD2     0x20001184       0x10 bin/obj/gpt_lld.o
                0x20001184                GPTD2
 .bss.GPTD5     0x20001194       0x10 bin/obj/gpt_lld.o
                0x20001194                GPTD5
 .bss.I2CD1     0x200011a4       0x38 bin/obj/i2c_lld.o
                0x200011a4                I2CD1
 .bss.dummytx   0x200011dc        0x2 bin/obj/spi_lld.o
 *fill*         0x200011de        0x2 
 .bss.SPID1     0x200011e0       0x30 bin/obj/spi_lld.o
                0x200011e0                SPID1
 .bss.SD1       0x20001210       0xd8 bin/obj/serial_lld.o
                0x20001210                SD1
 .bss.SD2       0x200012e8       0xd8 bin/obj/serial_lld.o
                0x200012e8                SD2
 .bss.SD3       0x200013c0       0xd8 bin/obj/serial_lld.o
                0x200013c0                SD3
 .bss.history.7753
                0x20001498       0x40 bin/obj/vexshell.o
 .bss.shell_terminated
                0x200014d8        0x4 bin/obj/vexshell.o
                0x200014d8                shell_terminated
 *fill*         0x200014dc        0x4 
 .bss.waVexUserTask
                0x200014e0      0x2b0 bin/obj/vexcortex.o
 .bss.waVexCortexSystemTask
                0x20001790      0x180 bin/obj/vexcortex.o
 .bss.myThreads
                0x20001910      0x1e0 bin/obj/vexcortex.o
 .bss.waVexCortexMonitorTask
                0x20001af0      0x280 bin/obj/vexcortex.o
 .bss.vexKillAll
                0x20001d70        0x1 bin/obj/vexcortex.o
 *fill*         0x20001d71        0x3 
 .bss.vexQuadEncoders
                0x20001d74       0x8c bin/obj/vexencoder.o
 .bss.vexSonarThread
                0x20001e00        0x4 bin/obj/vexsonar.o
 *fill*         0x20001e04        0x4 
 .bss.waVexSonarTask
                0x20001e08      0x180 bin/obj/vexsonar.o
 .bss.nextSonar
                0x20001f88        0x1 bin/obj/vexsonar.o
 *fill*         0x20001f89        0x3 
 .bss.vexSonars
                0x20001f8c       0xa0 bin/obj/vexsonar.o
 .bss.nextState
                0x2000202c        0x1 bin/obj/vexsonar.o
 *fill*         0x2000202d        0x1 
 .bss.m0_cur_value
                0x2000202e        0x2 bin/obj/vexmotor.o
 .bss.m9_new_value
                0x20002030        0x2 bin/obj/vexmotor.o
 .bss.m9_cur_value
                0x20002032        0x2 bin/obj/vexmotor.o
 .bss.vexMotors
                0x20002034       0xc8 bin/obj/vexmotor.o
 .bss.m0_new_value
                0x200020fc        0x2 bin/obj/vexmotor.o
 *fill*         0x200020fe        0x2 
 .bss.PwmTimer  0x20002100        0x4 bin/obj/vexmotor.o
 .bss.vexSpiData
                0x20002104       0x68 bin/obj/vexspi.o
 .bss.spiThread
                0x2000216c        0x4 bin/obj/vexspi.o
 .bss.lcd_running
                0x20002170        0x2 bin/obj/vexlcd.o
 *fill*         0x20002172        0x2 
 .bss.lcd_buffer
                0x20002174       0x20 bin/obj/vexlcd.o
 *fill*         0x20002194        0x4 
 .bss.waVexLcdUpdate
                0x20002198      0x180 bin/obj/vexlcd.o
 .bss.adccfg    0x20002318        0x4 bin/obj/vexanalog.o
 .bss.samples_buf
                0x2000231c       0x10 bin/obj/vexanalog.o
 .bss.vexLocalCompState
                0x2000232c        0x2 bin/obj/vexctl.o
 *fill*         0x2000232e        0x2 
 .bss.errors    0x20002330        0x4 bin/obj/vexime.o
 *fill*         0x20002334        0x4 
 .bss.waVexImeTask
                0x20002338      0x280 bin/obj/vexime.o
 .bss.vexImes   0x200025b8      0x37c bin/obj/vexime.o
 .bss.pdefs1    0x20002934       0x64 bin/obj/vexprintf.o
 .bss.pdefs2    0x20002998       0x64 bin/obj/vexprintf.o
 *fill*         0x200029fc        0x4 
 .bss.waVexTestThread
                0x20002a00      0x180 bin/obj/vextest.o
 .bss.rcTasks   0x20002b80       0x50 bin/obj/robotc_glue.o
 .bss.claw      0x20002bd0        0x4 bin/obj/vexuser.o
                0x20002bd0                claw
 .bss.tankCommandLF
                0x20002bd4        0x4 bin/obj/vexuser.o
                0x20002bd4                tankCommandLF
 .bss.strafeCommandLR
                0x20002bd8        0x4 bin/obj/vexuser.o
                0x20002bd8                strafeCommandLR
 .bss.autonomousMode
                0x20002bdc        0x4 bin/obj/vexuser.o
                0x20002bdc                autonomousMode
 .bss.tankCommandLR
                0x20002be0        0x4 bin/obj/vexuser.o
                0x20002be0                tankCommandLR
 .bss.preset    0x20002be4        0x4 bin/obj/vexuser.o
                0x20002be4                preset
 .bss.strafeCommandRF
                0x20002be8        0x4 bin/obj/vexuser.o
                0x20002be8                strafeCommandRF
 .bss.tankCommandRF
                0x20002bec        0x4 bin/obj/vexuser.o
                0x20002bec                tankCommandRF
 .bss.strafeCommandRR
                0x20002bf0        0x4 bin/obj/vexuser.o
                0x20002bf0                strafeCommandRR
 .bss.button    0x20002bf4        0x4 bin/obj/vexuser.o
                0x20002bf4                button
 .bss.tankCommandRR
                0x20002bf8        0x4 bin/obj/vexuser.o
                0x20002bf8                tankCommandRR
 .bss.strafeCommandLF
                0x20002bfc        0x4 bin/obj/vexuser.o
                0x20002bfc                strafeCommandLF
                0x20002c00                . = ALIGN (0x4)
 *(COMMON)
                0x20002c00                . = ALIGN (0x4)
                0x20002c00                PROVIDE (_bss_end, .)
                0x20002c00                PROVIDE (end, .)
                0x20002c00                _end = .
                0x20002c00                __heap_base__ = _end
                0x20010000                __heap_end__ = __ram_end__
OUTPUT(bin/output.elf elf32-littlearm)

.debug_info     0x00000000    0x28c7b
 .debug_info    0x00000000      0x2a9 bin/obj/crt0.o
 .debug_info    0x000002a9      0x1f0 bin/obj/vectors.o
 .debug_info    0x00000499       0x9a bin/obj/chcore.o
 .debug_info    0x00000533      0x89e bin/obj/chcore_v7m.o
 .debug_info    0x00000dd1      0x455 bin/obj/nvic.o
 .debug_info    0x00001226      0x8a8 bin/obj/chsys.o
 .debug_info    0x00001ace      0x26f bin/obj/chvt.o
 .debug_info    0x00001d3d      0x9e7 bin/obj/chschd.o
 .debug_info    0x00002724      0xc43 bin/obj/chthreads.o
 .debug_info    0x00003367      0x8fb bin/obj/chdynamic.o
 .debug_info    0x00003c62      0x684 bin/obj/chregistry.o
 .debug_info    0x000042e6      0xa4c bin/obj/chmtx.o
 .debug_info    0x00004d32      0xe32 bin/obj/chevents.o
 .debug_info    0x00005b64      0xc7d bin/obj/chqueues.o
 .debug_info    0x000067e1      0x22f bin/obj/chmemcore.o
 .debug_info    0x00006a10      0x739 bin/obj/chheap.o
 .debug_info    0x00007149      0x42a bin/obj/chmempools.o
 .debug_info    0x00007573      0x3e7 bin/obj/hal.o
 .debug_info    0x0000795a      0xecc bin/obj/adc.o
 .debug_info    0x00008826      0x4d7 bin/obj/ext.o
 .debug_info    0x00008cfd      0x877 bin/obj/gpt.o
 .debug_info    0x00009574      0xc4f bin/obj/i2c.o
 .debug_info    0x0000a1c3     0x10c1 bin/obj/serial.o
 .debug_info    0x0000b284     0x1183 bin/obj/spi.o
 .debug_info    0x0000c407      0x2f2 bin/obj/tm.o
 .debug_info    0x0000c6f9      0x812 bin/obj/stm32_dma.o
 .debug_info    0x0000cf0b      0x3cf bin/obj/hal_lld.o
 .debug_info    0x0000d2da      0xcf3 bin/obj/adc_lld.o
 .debug_info    0x0000dfcd      0x896 bin/obj/ext_lld_isr.o
 .debug_info    0x0000e863      0x431 bin/obj/ext_lld.o
 .debug_info    0x0000ec94      0x9d8 bin/obj/gpt_lld.o
 .debug_info    0x0000f66c      0x3b6 bin/obj/pal_lld.o
 .debug_info    0x0000fa22     0x15b1 bin/obj/i2c_lld.o
 .debug_info    0x00010fd3      0xd13 bin/obj/spi_lld.o
 .debug_info    0x00011ce6     0x11ee bin/obj/serial_lld.o
 .debug_info    0x00012ed4      0x237 bin/obj/board.o
 .debug_info    0x0001310b      0x4b4 bin/obj/chprintf.o
 .debug_info    0x000135bf     0x1f03 bin/obj/vexshell.o
 .debug_info    0x000154c2     0x1bb1 bin/obj/vexcortex.o
 .debug_info    0x00017073      0x651 bin/obj/vexdigital.o
 .debug_info    0x000176c4      0x794 bin/obj/vexconfig.o
 .debug_info    0x00017e58      0x3b2 bin/obj/vexext.o
 .debug_info    0x0001820a     0x1181 bin/obj/vexencoder.o
 .debug_info    0x0001938b     0x1415 bin/obj/vexsonar.o
 .debug_info    0x0001a7a0     0x124b bin/obj/vexmotor.o
 .debug_info    0x0001b9eb     0x1799 bin/obj/vexspi.o
 .debug_info    0x0001d184     0x1545 bin/obj/vexlcd.o
 .debug_info    0x0001e6c9      0xc0c bin/obj/vexanalog.o
 .debug_info    0x0001f2d5      0x531 bin/obj/vexctl.o
 .debug_info    0x0001f806     0x20fd bin/obj/vexime.o
 .debug_info    0x00021903     0x1852 bin/obj/vexprintf.o
 .debug_info    0x00023155      0x77a bin/obj/vextest.o
 .debug_info    0x000238cf      0x8db bin/obj/robotc_glue.o
 .debug_info    0x000241aa     0x1523 bin/obj/vexuser.o
 .debug_info    0x000256cd      0xdce bin/obj/main.o
 .debug_info    0x0002649b       0xa2 c:/yagarto-20121222/bin/../lib/gcc/arm-none-eabi/4.7.2/thumb/v7m\libgcc.a(_arm_addsubdf3.o)
 .debug_info    0x0002653d       0xa2 c:/yagarto-20121222/bin/../lib/gcc/arm-none-eabi/4.7.2/thumb/v7m\libgcc.a(_arm_muldivdf3.o)
 .debug_info    0x000265df       0xa2 c:/yagarto-20121222/bin/../lib/gcc/arm-none-eabi/4.7.2/thumb/v7m\libgcc.a(_arm_cmpdf2.o)
 .debug_info    0x00026681       0xa2 c:/yagarto-20121222/bin/../lib/gcc/arm-none-eabi/4.7.2/thumb/v7m\libgcc.a(_arm_fixunsdfsi.o)
 .debug_info    0x00026723      0xa20 c:/yagarto-20121222/bin/../lib/gcc/arm-none-eabi/4.7.2/../../../../arm-none-eabi/lib/thumb/v7m\libc.a(lib_a-atoi.o)
 .debug_info    0x00027143      0x11c c:/yagarto-20121222/bin/../lib/gcc/arm-none-eabi/4.7.2/../../../../arm-none-eabi/lib/thumb/v7m\libc.a(lib_a-memset.o)
 .debug_info    0x0002725f      0x159 c:/yagarto-20121222/bin/../lib/gcc/arm-none-eabi/4.7.2/../../../../arm-none-eabi/lib/thumb/v7m\libc.a(lib_a-strcasecmp.o)
 .debug_info    0x000273b8      0x11b c:/yagarto-20121222/bin/../lib/gcc/arm-none-eabi/4.7.2/../../../../arm-none-eabi/lib/thumb/v7m\libc.a(lib_a-strchr.o)
 .debug_info    0x000274d3      0x12b c:/yagarto-20121222/bin/../lib/gcc/arm-none-eabi/4.7.2/../../../../arm-none-eabi/lib/thumb/v7m\libc.a(lib_a-strncpy.o)
 .debug_info    0x000275fe       0xdf c:/yagarto-20121222/bin/../lib/gcc/arm-none-eabi/4.7.2/../../../../arm-none-eabi/lib/thumb/v7m\libc.a(lib_a-strspn.o)
 .debug_info    0x000276dd      0xa86 c:/yagarto-20121222/bin/../lib/gcc/arm-none-eabi/4.7.2/../../../../arm-none-eabi/lib/thumb/v7m\libc.a(lib_a-strtol.o)
 .debug_info    0x00028163       0x71 c:/yagarto-20121222/bin/../lib/gcc/arm-none-eabi/4.7.2/../../../../arm-none-eabi/lib/thumb/v7m\libc.a(lib_a-ctype_.o)
 .debug_info    0x000281d4      0x965 c:/yagarto-20121222/bin/../lib/gcc/arm-none-eabi/4.7.2/../../../../arm-none-eabi/lib/thumb/v7m\libc.a(lib_a-impure.o)
 .debug_info    0x00028b39       0xa1 c:/yagarto-20121222/bin/../lib/gcc/arm-none-eabi/4.7.2/thumb/v7m\libgcc.a(_udivsi3.o)
 .debug_info    0x00028bda       0xa1 c:/yagarto-20121222/bin/../lib/gcc/arm-none-eabi/4.7.2/thumb/v7m\libgcc.a(_dvmd_tls.o)

.debug_abbrev   0x00000000     0x8d9b
 .debug_abbrev  0x00000000       0xf4 bin/obj/crt0.o
 .debug_abbrev  0x000000f4       0xb1 bin/obj/vectors.o
 .debug_abbrev  0x000001a5       0x44 bin/obj/chcore.o
 .debug_abbrev  0x000001e9      0x1fe bin/obj/chcore_v7m.o
 .debug_abbrev  0x000003e7       0xf2 bin/obj/nvic.o
 .debug_abbrev  0x000004d9      0x220 bin/obj/chsys.o
 .debug_abbrev  0x000006f9      0x15e bin/obj/chvt.o
 .debug_abbrev  0x00000857      0x340 bin/obj/chschd.o
 .debug_abbrev  0x00000b97      0x355 bin/obj/chthreads.o
 .debug_abbrev  0x00000eec      0x241 bin/obj/chdynamic.o
 .debug_abbrev  0x0000112d      0x197 bin/obj/chregistry.o
 .debug_abbrev  0x000012c4      0x316 bin/obj/chmtx.o
 .debug_abbrev  0x000015da      0x359 bin/obj/chevents.o
 .debug_abbrev  0x00001933      0x33b bin/obj/chqueues.o
 .debug_abbrev  0x00001c6e      0x16c bin/obj/chmemcore.o
 .debug_abbrev  0x00001dda      0x210 bin/obj/chheap.o
 .debug_abbrev  0x00001fea      0x21c bin/obj/chmempools.o
 .debug_abbrev  0x00002206      0x1c1 bin/obj/hal.o
 .debug_abbrev  0x000023c7      0x304 bin/obj/adc.o
 .debug_abbrev  0x000026cb      0x1bf bin/obj/ext.o
 .debug_abbrev  0x0000288a      0x21a bin/obj/gpt.o
 .debug_abbrev  0x00002aa4      0x2b3 bin/obj/i2c.o
 .debug_abbrev  0x00002d57      0x2d5 bin/obj/serial.o
 .debug_abbrev  0x0000302c      0x29f bin/obj/spi.o
 .debug_abbrev  0x000032cb      0x19c bin/obj/tm.o
 .debug_abbrev  0x00003467      0x221 bin/obj/stm32_dma.o
 .debug_abbrev  0x00003688      0x11b bin/obj/hal_lld.o
 .debug_abbrev  0x000037a3      0x2a8 bin/obj/adc_lld.o
 .debug_abbrev  0x00003a4b      0x1ec bin/obj/ext_lld_isr.o
 .debug_abbrev  0x00003c37      0x1e9 bin/obj/ext_lld.o
 .debug_abbrev  0x00003e20      0x2aa bin/obj/gpt_lld.o
 .debug_abbrev  0x000040ca      0x13b bin/obj/pal_lld.o
 .debug_abbrev  0x00004205      0x3ef bin/obj/i2c_lld.o
 .debug_abbrev  0x000045f4      0x31c bin/obj/spi_lld.o
 .debug_abbrev  0x00004910      0x36c bin/obj/serial_lld.o
 .debug_abbrev  0x00004c7c      0x120 bin/obj/board.o
 .debug_abbrev  0x00004d9c      0x1d3 bin/obj/chprintf.o
 .debug_abbrev  0x00004f6f      0x4c1 bin/obj/vexshell.o
 .debug_abbrev  0x00005430      0x3e6 bin/obj/vexcortex.o
 .debug_abbrev  0x00005816      0x25a bin/obj/vexdigital.o
 .debug_abbrev  0x00005a70      0x1b0 bin/obj/vexconfig.o
 .debug_abbrev  0x00005c20      0x1b7 bin/obj/vexext.o
 .debug_abbrev  0x00005dd7      0x2ef bin/obj/vexencoder.o
 .debug_abbrev  0x000060c6      0x31b bin/obj/vexsonar.o
 .debug_abbrev  0x000063e1      0x3dc bin/obj/vexmotor.o
 .debug_abbrev  0x000067bd      0x349 bin/obj/vexspi.o
 .debug_abbrev  0x00006b06      0x40b bin/obj/vexlcd.o
 .debug_abbrev  0x00006f11      0x252 bin/obj/vexanalog.o
 .debug_abbrev  0x00007163      0x1a6 bin/obj/vexctl.o
 .debug_abbrev  0x00007309      0x410 bin/obj/vexime.o
 .debug_abbrev  0x00007719      0x420 bin/obj/vexprintf.o
 .debug_abbrev  0x00007b39      0x1ec bin/obj/vextest.o
 .debug_abbrev  0x00007d25      0x29b bin/obj/robotc_glue.o
 .debug_abbrev  0x00007fc0      0x2aa bin/obj/vexuser.o
 .debug_abbrev  0x0000826a      0x246 bin/obj/main.o
 .debug_abbrev  0x000084b0       0x14 c:/yagarto-20121222/bin/../lib/gcc/arm-none-eabi/4.7.2/thumb/v7m\libgcc.a(_arm_addsubdf3.o)
 .debug_abbrev  0x000084c4       0x14 c:/yagarto-20121222/bin/../lib/gcc/arm-none-eabi/4.7.2/thumb/v7m\libgcc.a(_arm_muldivdf3.o)
 .debug_abbrev  0x000084d8       0x14 c:/yagarto-20121222/bin/../lib/gcc/arm-none-eabi/4.7.2/thumb/v7m\libgcc.a(_arm_cmpdf2.o)
 .debug_abbrev  0x000084ec       0x14 c:/yagarto-20121222/bin/../lib/gcc/arm-none-eabi/4.7.2/thumb/v7m\libgcc.a(_arm_fixunsdfsi.o)
 .debug_abbrev  0x00008500      0x1b3 c:/yagarto-20121222/bin/../lib/gcc/arm-none-eabi/4.7.2/../../../../arm-none-eabi/lib/thumb/v7m\libc.a(lib_a-atoi.o)
 .debug_abbrev  0x000086b3       0x9f c:/yagarto-20121222/bin/../lib/gcc/arm-none-eabi/4.7.2/../../../../arm-none-eabi/lib/thumb/v7m\libc.a(lib_a-memset.o)
 .debug_abbrev  0x00008752       0xbc c:/yagarto-20121222/bin/../lib/gcc/arm-none-eabi/4.7.2/../../../../arm-none-eabi/lib/thumb/v7m\libc.a(lib_a-strcasecmp.o)
 .debug_abbrev  0x0000880e       0x83 c:/yagarto-20121222/bin/../lib/gcc/arm-none-eabi/4.7.2/../../../../arm-none-eabi/lib/thumb/v7m\libc.a(lib_a-strchr.o)
 .debug_abbrev  0x00008891       0xae c:/yagarto-20121222/bin/../lib/gcc/arm-none-eabi/4.7.2/../../../../arm-none-eabi/lib/thumb/v7m\libc.a(lib_a-strncpy.o)
 .debug_abbrev  0x0000893f       0x8e c:/yagarto-20121222/bin/../lib/gcc/arm-none-eabi/4.7.2/../../../../arm-none-eabi/lib/thumb/v7m\libc.a(lib_a-strspn.o)
 .debug_abbrev  0x000089cd      0x1f6 c:/yagarto-20121222/bin/../lib/gcc/arm-none-eabi/4.7.2/../../../../arm-none-eabi/lib/thumb/v7m\libc.a(lib_a-strtol.o)
 .debug_abbrev  0x00008bc3       0x4e c:/yagarto-20121222/bin/../lib/gcc/arm-none-eabi/4.7.2/../../../../arm-none-eabi/lib/thumb/v7m\libc.a(lib_a-ctype_.o)
 .debug_abbrev  0x00008c11      0x162 c:/yagarto-20121222/bin/../lib/gcc/arm-none-eabi/4.7.2/../../../../arm-none-eabi/lib/thumb/v7m\libc.a(lib_a-impure.o)
 .debug_abbrev  0x00008d73       0x14 c:/yagarto-20121222/bin/../lib/gcc/arm-none-eabi/4.7.2/thumb/v7m\libgcc.a(_udivsi3.o)
 .debug_abbrev  0x00008d87       0x14 c:/yagarto-20121222/bin/../lib/gcc/arm-none-eabi/4.7.2/thumb/v7m\libgcc.a(_dvmd_tls.o)

.debug_aranges  0x00000000     0x14f8
 .debug_aranges
                0x00000000       0x38 bin/obj/crt0.o
 .debug_aranges
                0x00000038       0x20 bin/obj/vectors.o
 .debug_aranges
                0x00000058       0x20 bin/obj/chcore.o
 .debug_aranges
                0x00000078       0x50 bin/obj/chcore_v7m.o
 .debug_aranges
                0x000000c8       0x30 bin/obj/nvic.o
 .debug_aranges
                0x000000f8       0x30 bin/obj/chsys.o
 .debug_aranges
                0x00000128       0x38 bin/obj/chvt.o
 .debug_aranges
                0x00000160       0x68 bin/obj/chschd.o
 .debug_aranges
                0x000001c8       0x78 bin/obj/chthreads.o
 .debug_aranges
                0x00000240       0x38 bin/obj/chdynamic.o
 .debug_aranges
                0x00000278       0x28 bin/obj/chregistry.o
 .debug_aranges
                0x000002a0       0x58 bin/obj/chmtx.o
 .debug_aranges
                0x000002f8       0xa0 bin/obj/chevents.o
 .debug_aranges
                0x00000398       0x70 bin/obj/chqueues.o
 .debug_aranges
                0x00000408       0x38 bin/obj/chmemcore.o
 .debug_aranges
                0x00000440       0x40 bin/obj/chheap.o
 .debug_aranges
                0x00000480       0x48 bin/obj/chmempools.o
 .debug_aranges
                0x000004c8       0x30 bin/obj/hal.o
 .debug_aranges
                0x000004f8       0x70 bin/obj/adc.o
 .debug_aranges
                0x00000568       0x50 bin/obj/ext.o
 .debug_aranges
                0x000005b8       0x78 bin/obj/gpt.o
 .debug_aranges
                0x00000630       0x60 bin/obj/i2c.o
 .debug_aranges
                0x00000690       0x88 bin/obj/serial.o
 .debug_aranges
                0x00000718       0x98 bin/obj/spi.o
 .debug_aranges
                0x000007b0       0x38 bin/obj/tm.o
 .debug_aranges
                0x000007e8       0x88 bin/obj/stm32_dma.o
 .debug_aranges
                0x00000870       0x28 bin/obj/hal_lld.o
 .debug_aranges
                0x00000898       0x48 bin/obj/adc_lld.o
 .debug_aranges
                0x000008e0       0x78 bin/obj/ext_lld_isr.o
 .debug_aranges
                0x00000958       0x40 bin/obj/ext_lld.o
 .debug_aranges
                0x00000998       0x60 bin/obj/gpt_lld.o
 .debug_aranges
                0x000009f8       0x28 bin/obj/pal_lld.o
 .debug_aranges
                0x00000a20       0x70 bin/obj/i2c_lld.o
 .debug_aranges
                0x00000a90       0x78 bin/obj/spi_lld.o
 .debug_aranges
                0x00000b08       0x68 bin/obj/serial_lld.o
 .debug_aranges
                0x00000b70       0x28 bin/obj/board.o
 .debug_aranges
                0x00000b98       0x28 bin/obj/chprintf.o
 .debug_aranges
                0x00000bc0       0x78 bin/obj/vexshell.o
 .debug_aranges
                0x00000c38       0x90 bin/obj/vexcortex.o
 .debug_aranges
                0x00000cc8       0x58 bin/obj/vexdigital.o
 .debug_aranges
                0x00000d20       0x48 bin/obj/vexconfig.o
 .debug_aranges
                0x00000d68       0x28 bin/obj/vexext.o
 .debug_aranges
                0x00000d90       0xb0 bin/obj/vexencoder.o
 .debug_aranges
                0x00000e40       0x78 bin/obj/vexsonar.o
 .debug_aranges
                0x00000eb8       0xb0 bin/obj/vexmotor.o
 .debug_aranges
                0x00000f68       0x78 bin/obj/vexspi.o
 .debug_aranges
                0x00000fe0       0x80 bin/obj/vexlcd.o
 .debug_aranges
                0x00001060       0x30 bin/obj/vexanalog.o
 .debug_aranges
                0x00001090       0x38 bin/obj/vexctl.o
 .debug_aranges
                0x000010c8       0xf8 bin/obj/vexime.o
 .debug_aranges
                0x000011c0       0x88 bin/obj/vexprintf.o
 .debug_aranges
                0x00001248       0x30 bin/obj/vextest.o
 .debug_aranges
                0x00001278       0x38 bin/obj/robotc_glue.o
 .debug_aranges
                0x000012b0       0x58 bin/obj/vexuser.o
 .debug_aranges
                0x00001308       0x20 bin/obj/main.o
 .debug_aranges
                0x00001328       0x20 c:/yagarto-20121222/bin/../lib/gcc/arm-none-eabi/4.7.2/thumb/v7m\libgcc.a(_arm_addsubdf3.o)
 .debug_aranges
                0x00001348       0x20 c:/yagarto-20121222/bin/../lib/gcc/arm-none-eabi/4.7.2/thumb/v7m\libgcc.a(_arm_muldivdf3.o)
 .debug_aranges
                0x00001368       0x20 c:/yagarto-20121222/bin/../lib/gcc/arm-none-eabi/4.7.2/thumb/v7m\libgcc.a(_arm_cmpdf2.o)
 .debug_aranges
                0x00001388       0x20 c:/yagarto-20121222/bin/../lib/gcc/arm-none-eabi/4.7.2/thumb/v7m\libgcc.a(_arm_fixunsdfsi.o)
 .debug_aranges
                0x000013a8       0x20 c:/yagarto-20121222/bin/../lib/gcc/arm-none-eabi/4.7.2/../../../../arm-none-eabi/lib/thumb/v7m\libc.a(lib_a-atoi.o)
 .debug_aranges
                0x000013c8       0x20 c:/yagarto-20121222/bin/../lib/gcc/arm-none-eabi/4.7.2/../../../../arm-none-eabi/lib/thumb/v7m\libc.a(lib_a-memset.o)
 .debug_aranges
                0x000013e8       0x20 c:/yagarto-20121222/bin/../lib/gcc/arm-none-eabi/4.7.2/../../../../arm-none-eabi/lib/thumb/v7m\libc.a(lib_a-strcasecmp.o)
 .debug_aranges
                0x00001408       0x20 c:/yagarto-20121222/bin/../lib/gcc/arm-none-eabi/4.7.2/../../../../arm-none-eabi/lib/thumb/v7m\libc.a(lib_a-strchr.o)
 .debug_aranges
                0x00001428       0x20 c:/yagarto-20121222/bin/../lib/gcc/arm-none-eabi/4.7.2/../../../../arm-none-eabi/lib/thumb/v7m\libc.a(lib_a-strncpy.o)
 .debug_aranges
                0x00001448       0x20 c:/yagarto-20121222/bin/../lib/gcc/arm-none-eabi/4.7.2/../../../../arm-none-eabi/lib/thumb/v7m\libc.a(lib_a-strspn.o)
 .debug_aranges
                0x00001468       0x20 c:/yagarto-20121222/bin/../lib/gcc/arm-none-eabi/4.7.2/../../../../arm-none-eabi/lib/thumb/v7m\libc.a(lib_a-strtol.o)
 .debug_aranges
                0x00001488       0x18 c:/yagarto-20121222/bin/../lib/gcc/arm-none-eabi/4.7.2/../../../../arm-none-eabi/lib/thumb/v7m\libc.a(lib_a-ctype_.o)
 .debug_aranges
                0x000014a0       0x18 c:/yagarto-20121222/bin/../lib/gcc/arm-none-eabi/4.7.2/../../../../arm-none-eabi/lib/thumb/v7m\libc.a(lib_a-impure.o)
 .debug_aranges
                0x000014b8       0x20 c:/yagarto-20121222/bin/../lib/gcc/arm-none-eabi/4.7.2/thumb/v7m\libgcc.a(_udivsi3.o)
 .debug_aranges
                0x000014d8       0x20 c:/yagarto-20121222/bin/../lib/gcc/arm-none-eabi/4.7.2/thumb/v7m\libgcc.a(_dvmd_tls.o)

.debug_ranges   0x00000000     0x1fc0
 .debug_ranges  0x00000000       0xe0 bin/obj/crt0.o
 .debug_ranges  0x000000e0       0x10 bin/obj/vectors.o
 .debug_ranges  0x000000f0       0x10 bin/obj/chcore.o
 .debug_ranges  0x00000100       0x58 bin/obj/chcore_v7m.o
 .debug_ranges  0x00000158       0x20 bin/obj/nvic.o
 .debug_ranges  0x00000178       0x20 bin/obj/chsys.o
 .debug_ranges  0x00000198       0x28 bin/obj/chvt.o
 .debug_ranges  0x000001c0      0x1c0 bin/obj/chschd.o
 .debug_ranges  0x00000380      0x118 bin/obj/chthreads.o
 .debug_ranges  0x00000498       0x58 bin/obj/chdynamic.o
 .debug_ranges  0x000004f0       0x30 bin/obj/chregistry.o
 .debug_ranges  0x00000520      0x218 bin/obj/chmtx.o
 .debug_ranges  0x00000738       0xf0 bin/obj/chevents.o
 .debug_ranges  0x00000828       0xc0 bin/obj/chqueues.o
 .debug_ranges  0x000008e8       0x28 bin/obj/chmemcore.o
 .debug_ranges  0x00000910       0x30 bin/obj/chheap.o
 .debug_ranges  0x00000940       0xf8 bin/obj/chmempools.o
 .debug_ranges  0x00000a38       0x50 bin/obj/hal.o
 .debug_ranges  0x00000a88       0xf8 bin/obj/adc.o
 .debug_ranges  0x00000b80       0x70 bin/obj/ext.o
 .debug_ranges  0x00000bf0       0x98 bin/obj/gpt.o
 .debug_ranges  0x00000c88       0x80 bin/obj/i2c.o
 .debug_ranges  0x00000d08       0xa8 bin/obj/serial.o
 .debug_ranges  0x00000db0      0x130 bin/obj/spi.o
 .debug_ranges  0x00000ee0       0x70 bin/obj/tm.o
 .debug_ranges  0x00000f50       0x78 bin/obj/stm32_dma.o
 .debug_ranges  0x00000fc8       0x38 bin/obj/hal_lld.o
 .debug_ranges  0x00001000       0x70 bin/obj/adc_lld.o
 .debug_ranges  0x00001070       0x68 bin/obj/ext_lld_isr.o
 .debug_ranges  0x000010d8       0x30 bin/obj/ext_lld.o
 .debug_ranges  0x00001108       0x50 bin/obj/gpt_lld.o
 .debug_ranges  0x00001158       0x18 bin/obj/pal_lld.o
 .debug_ranges  0x00001170      0x1d0 bin/obj/i2c_lld.o
 .debug_ranges  0x00001340       0x68 bin/obj/spi_lld.o
 .debug_ranges  0x000013a8       0x58 bin/obj/serial_lld.o
 .debug_ranges  0x00001400       0x18 bin/obj/board.o
 .debug_ranges  0x00001418       0x18 bin/obj/chprintf.o
 .debug_ranges  0x00001430      0x130 bin/obj/vexshell.o
 .debug_ranges  0x00001560       0x98 bin/obj/vexcortex.o
 .debug_ranges  0x000015f8       0x48 bin/obj/vexdigital.o
 .debug_ranges  0x00001640       0x38 bin/obj/vexconfig.o
 .debug_ranges  0x00001678       0x18 bin/obj/vexext.o
 .debug_ranges  0x00001690      0x280 bin/obj/vexencoder.o
 .debug_ranges  0x00001910       0x68 bin/obj/vexsonar.o
 .debug_ranges  0x00001978       0xb8 bin/obj/vexmotor.o
 .debug_ranges  0x00001a30       0x80 bin/obj/vexspi.o
 .debug_ranges  0x00001ab0       0xd0 bin/obj/vexlcd.o
 .debug_ranges  0x00001b80       0x20 bin/obj/vexanalog.o
 .debug_ranges  0x00001ba0       0x28 bin/obj/vexctl.o
 .debug_ranges  0x00001bc8       0xe8 bin/obj/vexime.o
 .debug_ranges  0x00001cb0      0x240 bin/obj/vexprintf.o
 .debug_ranges  0x00001ef0       0x20 bin/obj/vextest.o
 .debug_ranges  0x00001f10       0x28 bin/obj/robotc_glue.o
 .debug_ranges  0x00001f38       0x48 bin/obj/vexuser.o
 .debug_ranges  0x00001f80       0x10 bin/obj/main.o
 .debug_ranges  0x00001f90       0x30 c:/yagarto-20121222/bin/../lib/gcc/arm-none-eabi/4.7.2/../../../../arm-none-eabi/lib/thumb/v7m\libc.a(lib_a-strcasecmp.o)

.debug_line     0x00000000     0xb87e
 .debug_line    0x00000000      0x12f bin/obj/crt0.o
 .debug_line    0x0000012f       0xb9 bin/obj/vectors.o
 .debug_line    0x000001e8       0x5e bin/obj/chcore.o
 .debug_line    0x00000246      0x201 bin/obj/chcore_v7m.o
 .debug_line    0x00000447       0xf6 bin/obj/nvic.o
 .debug_line    0x0000053d      0x207 bin/obj/chsys.o
 .debug_line    0x00000744      0x168 bin/obj/chvt.o
 .debug_line    0x000008ac      0x319 bin/obj/chschd.o
 .debug_line    0x00000bc5      0x363 bin/obj/chthreads.o
 .debug_line    0x00000f28      0x234 bin/obj/chdynamic.o
 .debug_line    0x0000115c      0x1db bin/obj/chregistry.o
 .debug_line    0x00001337      0x344 bin/obj/chmtx.o
 .debug_line    0x0000167b      0x320 bin/obj/chevents.o
 .debug_line    0x0000199b      0x392 bin/obj/chqueues.o
 .debug_line    0x00001d2d      0x14d bin/obj/chmemcore.o
 .debug_line    0x00001e7a      0x275 bin/obj/chheap.o
 .debug_line    0x000020ef      0x1d5 bin/obj/chmempools.o
 .debug_line    0x000022c4      0x2b7 bin/obj/hal.o
 .debug_line    0x0000257b      0x390 bin/obj/adc.o
 .debug_line    0x0000290b      0x1c7 bin/obj/ext.o
 .debug_line    0x00002ad2      0x22b bin/obj/gpt.o
 .debug_line    0x00002cfd      0x337 bin/obj/i2c.o
 .debug_line    0x00003034      0x3ae bin/obj/serial.o
 .debug_line    0x000033e2      0x3fd bin/obj/spi.o
 .debug_line    0x000037df      0x1e2 bin/obj/tm.o
 .debug_line    0x000039c1      0x342 bin/obj/stm32_dma.o
 .debug_line    0x00003d03      0x1c5 bin/obj/hal_lld.o
 .debug_line    0x00003ec8      0x39e bin/obj/adc_lld.o
 .debug_line    0x00004266      0x2f8 bin/obj/ext_lld_isr.o
 .debug_line    0x0000455e      0x1ff bin/obj/ext_lld.o
 .debug_line    0x0000475d      0x30c bin/obj/gpt_lld.o
 .debug_line    0x00004a69      0x1b5 bin/obj/pal_lld.o
 .debug_line    0x00004c1e      0x56b bin/obj/i2c_lld.o
 .debug_line    0x00005189      0x42d bin/obj/spi_lld.o
 .debug_line    0x000055b6      0x3fa bin/obj/serial_lld.o
 .debug_line    0x000059b0      0x18b bin/obj/board.o
 .debug_line    0x00005b3b      0x2cf bin/obj/chprintf.o
 .debug_line    0x00005e0a      0x553 bin/obj/vexshell.o
 .debug_line    0x0000635d      0x585 bin/obj/vexcortex.o
 .debug_line    0x000068e2      0x27c bin/obj/vexdigital.o
 .debug_line    0x00006b5e      0x241 bin/obj/vexconfig.o
 .debug_line    0x00006d9f      0x1f8 bin/obj/vexext.o
 .debug_line    0x00006f97      0x541 bin/obj/vexencoder.o
 .debug_line    0x000074d8      0x4b4 bin/obj/vexsonar.o
 .debug_line    0x0000798c      0x534 bin/obj/vexmotor.o
 .debug_line    0x00007ec0      0x53f bin/obj/vexspi.o
 .debug_line    0x000083ff      0x4be bin/obj/vexlcd.o
 .debug_line    0x000088bd      0x2d3 bin/obj/vexanalog.o
 .debug_line    0x00008b90      0x1af bin/obj/vexctl.o
 .debug_line    0x00008d3f      0x742 bin/obj/vexime.o
 .debug_line    0x00009481      0x733 bin/obj/vexprintf.o
 .debug_line    0x00009bb4      0x235 bin/obj/vextest.o
 .debug_line    0x00009de9      0x2e9 bin/obj/robotc_glue.o
 .debug_line    0x0000a0d2      0x310 bin/obj/vexuser.o
 .debug_line    0x0000a3e2      0x33e bin/obj/main.o
 .debug_line    0x0000a720      0x204 c:/yagarto-20121222/bin/../lib/gcc/arm-none-eabi/4.7.2/thumb/v7m\libgcc.a(_arm_addsubdf3.o)
 .debug_line    0x0000a924      0x220 c:/yagarto-20121222/bin/../lib/gcc/arm-none-eabi/4.7.2/thumb/v7m\libgcc.a(_arm_muldivdf3.o)
 .debug_line    0x0000ab44      0x106 c:/yagarto-20121222/bin/../lib/gcc/arm-none-eabi/4.7.2/thumb/v7m\libgcc.a(_arm_cmpdf2.o)
 .debug_line    0x0000ac4a       0x7c c:/yagarto-20121222/bin/../lib/gcc/arm-none-eabi/4.7.2/thumb/v7m\libgcc.a(_arm_fixunsdfsi.o)
 .debug_line    0x0000acc6      0x173 c:/yagarto-20121222/bin/../lib/gcc/arm-none-eabi/4.7.2/../../../../arm-none-eabi/lib/thumb/v7m\libc.a(lib_a-atoi.o)
 .debug_line    0x0000ae39      0x16d c:/yagarto-20121222/bin/../lib/gcc/arm-none-eabi/4.7.2/../../../../arm-none-eabi/lib/thumb/v7m\libc.a(lib_a-memset.o)
 .debug_line    0x0000afa6       0xd2 c:/yagarto-20121222/bin/../lib/gcc/arm-none-eabi/4.7.2/../../../../arm-none-eabi/lib/thumb/v7m\libc.a(lib_a-strcasecmp.o)
 .debug_line    0x0000b078      0x148 c:/yagarto-20121222/bin/../lib/gcc/arm-none-eabi/4.7.2/../../../../arm-none-eabi/lib/thumb/v7m\libc.a(lib_a-strchr.o)
 .debug_line    0x0000b1c0      0x143 c:/yagarto-20121222/bin/../lib/gcc/arm-none-eabi/4.7.2/../../../../arm-none-eabi/lib/thumb/v7m\libc.a(lib_a-strncpy.o)
 .debug_line    0x0000b303      0x11d c:/yagarto-20121222/bin/../lib/gcc/arm-none-eabi/4.7.2/../../../../arm-none-eabi/lib/thumb/v7m\libc.a(lib_a-strspn.o)
 .debug_line    0x0000b420      0x1f4 c:/yagarto-20121222/bin/../lib/gcc/arm-none-eabi/4.7.2/../../../../arm-none-eabi/lib/thumb/v7m\libc.a(lib_a-strtol.o)
 .debug_line    0x0000b614       0x63 c:/yagarto-20121222/bin/../lib/gcc/arm-none-eabi/4.7.2/../../../../arm-none-eabi/lib/thumb/v7m\libc.a(lib_a-ctype_.o)
 .debug_line    0x0000b677      0x116 c:/yagarto-20121222/bin/../lib/gcc/arm-none-eabi/4.7.2/../../../../arm-none-eabi/lib/thumb/v7m\libc.a(lib_a-impure.o)
 .debug_line    0x0000b78d       0x8a c:/yagarto-20121222/bin/../lib/gcc/arm-none-eabi/4.7.2/thumb/v7m\libgcc.a(_udivsi3.o)
 .debug_line    0x0000b817       0x67 c:/yagarto-20121222/bin/../lib/gcc/arm-none-eabi/4.7.2/thumb/v7m\libgcc.a(_dvmd_tls.o)

.debug_str      0x00000000     0x5238
 .debug_str     0x00000000      0x1cc bin/obj/crt0.o
                                0x206 (size before relaxing)
 .debug_str     0x000001cc      0x150 bin/obj/vectors.o
                                0x231 (size before relaxing)
 .debug_str     0x0000031c       0x38 bin/obj/chcore.o
                                0x104 (size before relaxing)
 .debug_str     0x00000354      0x2dd bin/obj/chcore_v7m.o
                                0x3d9 (size before relaxing)
 .debug_str     0x00000631       0xa9 bin/obj/nvic.o
                                0x203 (size before relaxing)
 .debug_str     0x000006da      0x210 bin/obj/chsys.o
                                0x4b1 (size before relaxing)
 .debug_str     0x000008ea       0x57 bin/obj/chvt.o
                                0x1a0 (size before relaxing)
 .debug_str     0x00000941       0xe0 bin/obj/chschd.o
                                0x3e6 (size before relaxing)
 .debug_str     0x00000a21       0xde bin/obj/chthreads.o
                                0x451 (size before relaxing)
 .debug_str     0x00000aff      0x118 bin/obj/chdynamic.o
                                0x3c8 (size before relaxing)
 .debug_str     0x00000c17       0x4d bin/obj/chregistry.o
                                0x3d4 (size before relaxing)
 .debug_str     0x00000c64       0x95 bin/obj/chmtx.o
                                0x36b (size before relaxing)
 .debug_str     0x00000cf9      0x1c4 bin/obj/chevents.o
                                0x48f (size before relaxing)
 .debug_str     0x00000ebd      0x131 bin/obj/chqueues.o